// Jest Snapshot v1, https://goo.gl/fbAQLP

exports[`WebhookTestModal should WebhookTestModal match a snapshot 1`] = `
<ContextProvider
  value={
    Object {
      "store": Object {
        "clearActions": [Function],
        "dispatch": [Function],
        "getActions": [Function],
        "getState": [Function],
        "replaceReducer": [Function],
        "subscribe": [Function],
      },
      "subscription": Subscription {
        "handleChangeWrapper": [Function],
        "listeners": Object {
          "notify": [Function],
        },
        "onStateChange": [Function],
        "parentSub": undefined,
        "store": Object {
          "clearActions": [Function],
          "dispatch": [Function],
          "getActions": [Function],
          "getState": [Function],
          "replaceReducer": [Function],
          "subscribe": [Function],
        },
        "unsubscribe": null,
      },
    }
  }
>
  <WebhookTestModal
    afterClose={[MockFunction]}
    closeModal={[MockFunction]}
    visible={true}
    webhookId="webhookId"
  />
</ContextProvider>
`;

exports[`WebhookTestModal should WebhookTestResultModal match a snapshot 1`] = `
<Provider
  store={
    Object {
      "clearActions": [Function],
      "dispatch": [Function],
      "getActions": [Function],
      "getState": [Function],
      "replaceReducer": [Function],
      "subscribe": [Function],
    }
  }
>
  <WebhookTestResultModal>
    <Modal
      renderChildren={true}
      visible={false}
    />
  </WebhookTestResultModal>
</Provider>
`;

exports[`WebhookTestModalBody WebhookTestModalBody should match snapshot 1`] = `
<ModalBody
  body={
    <React.Fragment>
      <Content>
        <p>
          To test your Webhook subscription, please select a subscription topic and an example payload for that topic will be sent to the configured URL. For more information, please
           
          <a
            className="l3gjl5x-link"
            href="/api-docs/api/webhooks#testing"
            rel="noopener noreferrer"
            target="_blank"
          >
            click here
          </a>
        </p>
      </Content>
      <SelectBox
        id="topicId"
        labelText="Subscription Topics"
        name="topicId"
        options={Array []}
        required={true}
      />
    </React.Fragment>
  }
/>
`;

exports[`WebhookTestModalFooter WebhookTestModalFooter should match snapshot 1`] = `
<ModalFooter
  footerItems={
    <React.Fragment>
      <Button
        className="mr-2"
        fullWidth={true}
        onClick={[Function]}
        type="button"
        variant="danger"
      >
        CANCEL
      </Button>
      <Button
        fullWidth={true}
        type="submit"
        variant="primary"
      >
        TEST
      </Button>
    </React.Fragment>
  }
/>
`;
