// Jest Snapshot v1, https://goo.gl/fbAQLP

exports[`PaymentCustomerSection should match a snapshot 1`] = `
<GridItem>
  <FadeIn>
    <H5>
      Customer
    </H5>
    <IconList
      items={
        Array [
          Object {
            "icon": <FaUserAlt
              className="icon-list-icon"
            />,
            "text": "Mr John Smith",
          },
          Object {
            "icon": <FaHome
              className="icon-list-icon"
            />,
            "text": "1 Test House Test Lane County of Test Test City A11 2BB",
          },
          Object {
            "icon": <FaEnvelope
              className="icon-list-icon"
            />,
            "text": "example@email.com",
          },
          Object {
            "icon": <FaStickyNote
              className="icon-list-icon"
            />,
            "text": "Customer ref: OXF12300101",
          },
        ]
      }
    />
  </FadeIn>
</GridItem>
`;
