// Jest Snapshot v1, https://goo.gl/fbAQLP

exports[`search-widget it matches a snapshot 1`] = `
.emotion-8 html,
.emotion-8 body,
.emotion-8 div,
.emotion-8 span,
.emotion-8 applet,
.emotion-8 object,
.emotion-8 iframe,
.emotion-8 h1,
.emotion-8 h2,
.emotion-8 h3,
.emotion-8 h4,
.emotion-8 h5,
.emotion-8 h6,
.emotion-8 p,
.emotion-8 blockquote,
.emotion-8 pre,
.emotion-8 a,
.emotion-8 abbr,
.emotion-8 acronym,
.emotion-8 address,
.emotion-8 big,
.emotion-8 cite,
.emotion-8 code,
.emotion-8 del,
.emotion-8 dfn,
.emotion-8 em,
.emotion-8 img,
.emotion-8 ins,
.emotion-8 kbd,
.emotion-8 q,
.emotion-8 s,
.emotion-8 samp,
.emotion-8 small,
.emotion-8 strike,
.emotion-8 strong,
.emotion-8 sub,
.emotion-8 sup,
.emotion-8 tt,
.emotion-8 var,
.emotion-8 b,
.emotion-8 u,
.emotion-8 i,
.emotion-8 center,
.emotion-8 dl,
.emotion-8 dt,
.emotion-8 dd,
.emotion-8 menu,
.emotion-8 ol,
.emotion-8 ul,
.emotion-8 li,
.emotion-8 fieldset,
.emotion-8 form,
.emotion-8 label,
.emotion-8 legend,
.emotion-8 table,
.emotion-8 caption,
.emotion-8 tbody,
.emotion-8 tfoot,
.emotion-8 thead,
.emotion-8 tr,
.emotion-8 th,
.emotion-8 td,
.emotion-8 article,
.emotion-8 aside,
.emotion-8 canvas,
.emotion-8 details,
.emotion-8 embed,
.emotion-8 figure,
.emotion-8 figcaption,
.emotion-8 footer,
.emotion-8 header,
.emotion-8 hgroup,
.emotion-8 main,
.emotion-8 menu,
.emotion-8 nav,
.emotion-8 output,
.emotion-8 ruby,
.emotion-8 section,
.emotion-8 summary,
.emotion-8 time,
.emotion-8 mark,
.emotion-8 audio,
.emotion-8 video {
  margin: 0;
  padding: 0;
  border: 0;
  font-size: 100%;
  font: inherit;
  vertical-align: baseline;
}

.emotion-8 article,
.emotion-8 aside,
.emotion-8 details,
.emotion-8 figcaption,
.emotion-8 figure,
.emotion-8 footer,
.emotion-8 header,
.emotion-8 hgroup,
.emotion-8 main,
.emotion-8 menu,
.emotion-8 nav,
.emotion-8 section {
  display: block;
}

.emotion-8 *[hidden] {
  display: none;
}

.emotion-8 body {
  line-height: 1;
}

.emotion-8 menu,
.emotion-8 ol,
.emotion-8 ul {
  list-style: none;
}

.emotion-8 blockquote,
.emotion-8 q {
  quotes: none;
}

.emotion-8 blockquote:before,
.emotion-8 blockquote:after,
.emotion-8 q:before,
.emotion-8 q:after {
  content: '';
  content: none;
}

.emotion-8 table {
  border-collapse: collapse;
  border-spacing: 0;
}

.emotion-7 {
  font-size: 16px;
  font-family: Helvetica,Arial,sans-serif;
  background: #fff;
  color: red;
}

#search-widget .emotion-2 {
  font-size: 16px;
  font-family: Helvetica,Arial,sans-serif;
  margin-bottom: 1em;
}

#search-widget .emotion-1 {
  font-family: Helvetica,Arial,sans-serif;
  font-size: 18px;
  color: #000;
  border: 1px solid grey;
  background: #fff;
  -webkit-transition: all 0.2s ease-in-out;
  transition: all 0.2s ease-in-out;
}

#search-widget .emotion-1:hover {
  background: grey;
  color: #fff;
}

#search-widget .emotion-0 {
  font-family: Helvetica,Arial,sans-serif;
  font-size: 18px;
  border: 1px solid grey;
}

.emotion-5,
.emotion-5 svg {
  color: red;
}

#search-widget .emotion-6 {
  width: 100%;
}

@media screen and (min-width:960px) {
  #search-widget .emotion-6 {
    width: 33.333333%;
  }
}

@media screen and (min-width:560px) and (max-width:960px) {
  #search-widget .emotion-6 {
    width: 50%;
  }
}

<body>
  <div>
    <div
      class="emotion-8 emotion-7 search-widget svelte-gxdr06"
    >
      <form>
        <div
          class="search-form emotion-6 svelte-1iepkj4"
        >
          <input
            class="emotion-0 search-form-input svelte-1iepkj4"
            data-testid="search-form-input"
            id="search"
            type="text"
          />
           
           
          <button
            class="emotion-1 search-form-button svelte-1iepkj4"
            data-testid="btnSearch"
            type="submit"
          >
            Search Properties
          </button>
           
          <div
            class="search-form-control svelte-1iepkj4"
          >
            <label
              class="emotion-2 search-form-control-radio svelte-1iepkj4"
            >
              <input
                class="svelte-1iepkj4"
                data-testid="sales"
                name="searchType"
                type="radio"
                value="Sale"
              />
              
        For Sale
            </label>
             
            <label
              class="emotion-2 search-form-control-radio svelte-1iepkj4"
            >
              <input
                class="svelte-1iepkj4"
                data-testid="lettings"
                name="searchType"
                type="radio"
                value="Rent"
              />
              
        To Rent
            </label>
             
            <button
              class="emotion-2
        emotion-5 search-form-advanced-search svelte-1iepkj4"
              data-testid="btnAdvancedSearch"
              type="button"
            >
              Advanced Search
        
              <svg
                aria-hidden="true"
                class=""
                id=""
                role="img"
                style="height:1em;vertical-align:-.125em;overflow:visible;"
                viewBox="0 0 512 512"
                xmlns="http://www.w3.org/2000/svg"
              >
                <g
                  transform="translate(256 256)"
                >
                  <g
                    transform=""
                  >
                    <path
                      d="M505 442.7L405.3 343c-4.5-4.5-10.6-7-17-7H372c27.6-35.3 44-79.7 44-128C416 93.1 322.9 0 208 0S0 93.1 0 208s93.1 208 208 208c48.3 0 92.7-16.4 128-44v16.3c0 6.4 2.5 12.5 7 17l99.7 99.7c9.4 9.4 24.6 9.4 33.9 0l28.3-28.3c9.4-9.4 9.4-24.6.1-34zM208 336c-70.7 0-128-57.2-128-128 0-70.7 57.2-128 128-128 70.7 0 128 57.2 128 128 0 70.7-57.2 128-128 128z"
                      fill="currentColor"
                      transform="translate(-256 -256)"
                    />
                  </g>
                </g>
              </svg>
              
            </button>
          </div>
        </div>
         
      </form>
       
      <div
        class="search-widget-items-container svelte-gxdr06"
      >
        <div
          class="search-widget-items svelte-gxdr06"
        >
           
           
           
        </div>
         
        <div
          class="google-map-outer-container 
  emotion-7 svelte-ltkgd5"
        >
           
          <div
            class="google-map-container  svelte-ltkgd5"
          >
             
          </div>
        </div>
      </div>
    </div>
  </div>
</body>
`;
