// Jest Snapshot v1, https://goo.gl/fbAQLP

exports[`AppView should match a snapshot 1`] = `
<DocumentFragment>
  <div
    class="mocked-styled-93 el-snack-holder"
  />
  <div>
    Not Found
  </div>
</DocumentFragment>
`;
