// Jest Snapshot v1, https://goo.gl/fbAQLP

exports[`AMLProgressBar AMLProgressBar should match snapshot 1`] = `
<mock-styled.div>
  <Component>
    <Component>
      <Component>
        <Component>
          <Component
            hasMargin={false}
            hasPadding={false}
            isFlex={true}
            isFlexColumn={true}
          >
            <Component
              className="mb-5"
            >
              <Component
                dynamicLinkParams={
                  Object {
                    "appMode": "WEB",
                    "entityCode": "AYL19000001",
                    "entityType": "contacts",
                  }
                }
              >
                Mrs H Phillips
              </Component>
            </Component>
            <Component />
          </Component>
        </Component>
      </Component>
      <Component>
        <Component>
          <Component
            disabled={false}
            onClick={[Function]}
            type="button"
            variant="primary"
          >
            Update Status
          </Component>
        </Component>
      </Component>
    </Component>
    <ProgressBar
      percentage={40}
    />
    <div
      className="has-text-right"
    >
      2
      /
      5
       
      <span>
        Completed
      </span>
    </div>
  </Component>
</mock-styled.div>
`;
