// Jest Snapshot v1, https://goo.gl/fbAQLP

exports[`App should match a snapshot 1`] = `
<<<<<<< HEAD
<<<<<<< HEAD
<Provider>
=======
<Provider
  store={
    Object {
      "dispatch": [Function],
      "getState": [Function],
      "replaceReducer": [Function],
      "subscribe": [Function],
      Symbol(observable): [Function],
    }
  }
>
>>>>>>> temp
=======
<Provider>
>>>>>>> de461f29... chore: #227: scaffolder option no redux (#268)
  <Component />
</Provider>
`;
