// Jest Snapshot v1, https://goo.gl/fbAQLP

exports[`Data should match a snapshot 1`] = `
<Component>
  <Component>
    <Component>
      <div
        className=""
        data-test=""
      >
        <Component
          isHeadingSection={true}
        >
          <h3
            className=""
            id=""
          >
            Data
          </h3>
        </Component>
        <Component>
          <section
            className=""
            data-test=""
          >
            <Component>
              <h5
                className=""
                id=""
              >
                Available Data
              </h5>
            </Component>
            <Component>
              <div
                className="loader-spinner body"
                data-test=""
              >
                <div />
                <div />
                <div />
                <div />
              </div>
            </Component>
          </section>
        </Component>
        <Component>
          <section
            className=""
            data-test=""
          >
            <Component>
              <h5
                className=""
                id=""
              >
                Data Shares
              </h5>
            </Component>
            <Component>
              <div
                className="loader-spinner body"
                data-test=""
              >
                <div />
                <div />
                <div />
                <div />
              </div>
            </Component>
          </section>
        </Component>
      </div>
    </Component>
  </Component>
</Component>
`;
