// Jest Snapshot v1, https://goo.gl/fbAQLP

exports[`RadioSelect should match snapshot 1`] = `
<Field
  name="mockName"
  type="radio"
>
  <Component />
</Field>
`;
