// Jest Snapshot v1, https://goo.gl/fbAQLP

exports[`PipelineRow should match snapshot 1`] = `
{
  "asFragment": [Function],
  "baseElement": <body>
    <div>
      <div
        class="mocked-styled-93 el-snack-holder"
      />
      <div
        class="mocked-styled-110 el-table-row-container"
      >
        <div
          class="mocked-styled-103 el-table-row"
        >
          <div
            class="el-table-cell-has-dark-text el-table-cell"
          >
            <div
              class="mocked-styled-111 el-table-cell-content"
            />
          </div>
          <div
            class="el-table-cell-has-dark-text el-table-cell"
          >
            <div
              class="mocked-styled-111 el-table-cell-content"
            >
              <span
                class="el-intent-neutral el-status-indicator"
              />
              In Progress
            </div>
          </div>
          <div
            class="el-table-cell-has-dark-text el-table-cell"
          >
            <div
              class="mocked-styled-111 el-table-cell-content"
            >
              <a
                rel="noreferrer"
                target="_blank"
              />
            </div>
          </div>
          <div
            class="mocked-styled-109 el-table-expandable-row-trigger-cell"
            role="button"
            tabindex="0"
          >
            <span
              class="el-intent-default el-icon-new el-icon"
            >
              <svg
                fill="none"
                height="1em"
                role="img"
                title="Icon image with name more"
                viewBox="0 0 24 24"
                width="1em"
                xmlns="http://www.w3.org/2000/svg"
              >
                <path
                  d="M7 12a2 2 0 1 1-4 0 2 2 0 0 1 4 0M12 14a2 2 0 1 0 0-4 2 2 0 0 0 0 4M19 14a2 2 0 1 0 0-4 2 2 0 0 0 0 4"
                  fill="currentColor"
                />
              </svg>
            </span>
          </div>
        </div>
        <div
          class="mocked-styled-113 el-table-expandable-row"
        >
          <div
            class="mocked-styled-114 el-table-expandable-container"
          >
            <div
              class="el-flex-container el-flex-justify-center el-flex-align-center"
            >
              <div
                class="mocked-styled-2 el-button-group"
              >
                <div
                  class="mocked-styled-3 el-button-group-inner"
                >
                  <button
                    class="el-intent-primary el-button"
                  >
                    <div
                      class="mocked-styled-0 el-button-loader"
                    />
                    Configure
                  </button>
                  <button
                    class="el-intent-primary el-button"
                  >
                    <div
                      class="mocked-styled-0 el-button-loader"
                    />
                    Deployments
                  </button>
                  <button
                    class="el-intent-neutral el-button"
                  >
                    <div
                      class="mocked-styled-0 el-button-loader"
                    />
                    View App
                  </button>
                </div>
              </div>
            </div>
          </div>
        </div>
      </div>
    </div>
  </body>,
  "container": <div>
    <div
      class="mocked-styled-93 el-snack-holder"
    />
    <div
      class="mocked-styled-110 el-table-row-container"
    >
      <div
        class="mocked-styled-103 el-table-row"
      >
        <div
          class="el-table-cell-has-dark-text el-table-cell"
        >
          <div
            class="mocked-styled-111 el-table-cell-content"
          />
        </div>
        <div
          class="el-table-cell-has-dark-text el-table-cell"
        >
          <div
            class="mocked-styled-111 el-table-cell-content"
          >
            <span
              class="el-intent-neutral el-status-indicator"
            />
            In Progress
          </div>
        </div>
        <div
          class="el-table-cell-has-dark-text el-table-cell"
        >
          <div
            class="mocked-styled-111 el-table-cell-content"
          >
            <a
              rel="noreferrer"
              target="_blank"
            />
          </div>
        </div>
        <div
          class="mocked-styled-109 el-table-expandable-row-trigger-cell"
          role="button"
          tabindex="0"
        >
          <span
            class="el-intent-default el-icon-new el-icon"
          >
            <svg
              fill="none"
              height="1em"
              role="img"
              title="Icon image with name more"
              viewBox="0 0 24 24"
              width="1em"
              xmlns="http://www.w3.org/2000/svg"
            >
              <path
                d="M7 12a2 2 0 1 1-4 0 2 2 0 0 1 4 0M12 14a2 2 0 1 0 0-4 2 2 0 0 0 0 4M19 14a2 2 0 1 0 0-4 2 2 0 0 0 0 4"
                fill="currentColor"
              />
            </svg>
          </span>
        </div>
      </div>
      <div
        class="mocked-styled-113 el-table-expandable-row"
      >
        <div
          class="mocked-styled-114 el-table-expandable-container"
        >
          <div
            class="el-flex-container el-flex-justify-center el-flex-align-center"
          >
            <div
              class="mocked-styled-2 el-button-group"
            >
              <div
                class="mocked-styled-3 el-button-group-inner"
              >
                <button
                  class="el-intent-primary el-button"
                >
                  <div
                    class="mocked-styled-0 el-button-loader"
                  />
                  Configure
                </button>
                <button
                  class="el-intent-primary el-button"
                >
                  <div
                    class="mocked-styled-0 el-button-loader"
                  />
                  Deployments
                </button>
                <button
                  class="el-intent-neutral el-button"
                >
                  <div
                    class="mocked-styled-0 el-button-loader"
                  />
                  View App
                </button>
              </div>
            </div>
          </div>
        </div>
      </div>
    </div>
  </div>,
  "debug": [Function],
  "findAllByAltText": [Function],
  "findAllByDisplayValue": [Function],
  "findAllByLabelText": [Function],
  "findAllByPlaceholderText": [Function],
  "findAllByRole": [Function],
  "findAllByTestId": [Function],
  "findAllByText": [Function],
  "findAllByTitle": [Function],
  "findByAltText": [Function],
  "findByDisplayValue": [Function],
  "findByLabelText": [Function],
  "findByPlaceholderText": [Function],
  "findByRole": [Function],
  "findByTestId": [Function],
  "findByText": [Function],
  "findByTitle": [Function],
  "getAllByAltText": [Function],
  "getAllByDisplayValue": [Function],
  "getAllByLabelText": [Function],
  "getAllByPlaceholderText": [Function],
  "getAllByRole": [Function],
  "getAllByTestId": [Function],
  "getAllByText": [Function],
  "getAllByTitle": [Function],
  "getByAltText": [Function],
  "getByDisplayValue": [Function],
  "getByLabelText": [Function],
  "getByPlaceholderText": [Function],
  "getByRole": [Function],
  "getByTestId": [Function],
  "getByText": [Function],
  "getByTitle": [Function],
  "queryAllByAltText": [Function],
  "queryAllByDisplayValue": [Function],
  "queryAllByLabelText": [Function],
  "queryAllByPlaceholderText": [Function],
  "queryAllByRole": [Function],
  "queryAllByTestId": [Function],
  "queryAllByText": [Function],
  "queryAllByTitle": [Function],
  "queryByAltText": [Function],
  "queryByDisplayValue": [Function],
  "queryByLabelText": [Function],
  "queryByPlaceholderText": [Function],
  "queryByRole": [Function],
  "queryByTestId": [Function],
  "queryByText": [Function],
  "queryByTitle": [Function],
  "rerender": [Function],
  "unmount": [Function],
}
`;
