// Jest Snapshot v1, https://goo.gl/fbAQLP

exports[`BillingTab should match a snapshot 1`] = `
<Connect(ErrorBoundary)>
  <Component
    flexColumn={true}
    hasPadding={true}
  >
    <Component
      flexColumn={true}
      hasBackground={true}
      hasPadding={true}
    >
      <Component
        className="mt-5 is-variable is-8"
        isMultiLine={true}
      >
        <Component
          className="is-half"
        >
          <Component />
        </Component>
        <Component
          className="is-half"
        >
          <TransactionHistory />
        </Component>
      </Component>
      <Component>
        <Component>
          <CostExplorer />
        </Component>
      </Component>
      <CostCalculator />
    </Component>
  </Component>
</Connect(ErrorBoundary)>
`;
