// Jest Snapshot v1, https://goo.gl/fbAQLP

exports[`AppHeader should match a snapshot 1`] = `
<Grid
  className=""
>
  <GridItem>
    <div
      className="c1g8dchb-container-header"
    >
      <div
        className="a1o2dfdh-app-icon-container"
      >
        <img
          alt="Peter's Properties"
          className="image is-96x96"
          src="https://reapit-app-store-app-media.s3.eu-west-2.amazonaws.com/7d88729f-2366-4561-9d5c-282615f3946b.jpeg"
        />
      </div>
      <div
        className="h19bkisw-header-content"
      >
        <H3>
          Peter's Properties
        </H3>
        <SubTitleH6>
          Verified by Reapit 
          <FaCheck
            className="c1o0xv12-check"
          />
        </SubTitleH6>
      </div>
    </div>
  </GridItem>
  <GridItem
    className="flex items-center"
  >
    <img
      alt="Featured Image"
      src="https://reapit-app-store-app-media.s3.eu-west-2.amazonaws.com/c4a36706-aa44-47f9-9fb6-9053eef4e581.png"
    />
  </GridItem>
</Grid>
`;
