// Jest Snapshot v1, https://goo.gl/fbAQLP

exports[`Health should match a snapshot 1`] = `
<Component>
  <Component
    isHeadingSection={true}
  >
    Health
  </Component>
  <Component>
    <Component>
      Next steps:
    </Component>
  </Component>
</Component>
`;
