// Jest Snapshot v1, https://goo.gl/fbAQLP

exports[`Menu should match a snapshot 1`] = `
<Memo(MenuComponent)
  defaultActiveKey="APPS"
  location={
    Object {
      "location": "location",
    }
  }
  menu={
    Array [
      Object {
        "icon": <Unknown
          className="nav-item-icon"
        />,
        "key": "LOGO",
        "type": "LOGO",
      },
      Object {
        "callback": [Function],
        "icon": <FaCloud
          className="nav-item-icon"
        />,
        "key": "APPS",
        "title": "Apps",
        "type": "PRIMARY",
      },
      Object {
        "callback": [Function],
        "icon": <FaSignOutAlt
          className="nav-item-icon"
        />,
        "key": "LOGOUT",
        "title": "Logout",
        "type": "SECONDARY",
      },
    ]
  }
/>
`;
