// Jest Snapshot v1, https://goo.gl/fbAQLP

exports[`CostCalculator should match a snapshot 1`] = `
<Formik
  enableReinitialize={true}
  initialValues={
    Object {
      "apiCalls": "",
      "endpointsUsed": "",
    }
  }
  onSubmit={[Function]}
  validationSchema={
    ObjectSchema {
      "_blacklist": ReferenceSet {
        "list": Set {},
        "refs": Map {},
      },
      "_blacklistError": undefined,
      "_excludedEdges": Array [],
      "_nodes": Array [
        "apiCalls",
        "endpointsUsed",
      ],
      "_sortErrors": [Function],
      "_typeError": [Function],
      "_whitelist": ReferenceSet {
        "list": Set {},
        "refs": Map {},
      },
      "_whitelistError": undefined,
      "conditions": Array [],
      "deps": Array [],
      "exclusiveTests": Object {},
      "fields": Object {
        "apiCalls": StringSchema {
          "_blacklist": ReferenceSet {
            "list": Set {},
            "refs": Map {},
          },
          "_blacklistError": undefined,
          "_typeError": [Function],
          "_whitelist": ReferenceSet {
            "list": Set {},
            "refs": Map {},
          },
          "_whitelistError": undefined,
          "conditions": Array [],
          "deps": Array [],
          "exclusiveTests": Object {
            "matches": false,
            "required": true,
            "trim": false,
          },
          "spec": Object {
            "abortEarly": true,
            "nullable": false,
            "presence": "required",
            "recursive": true,
            "strict": false,
            "strip": false,
          },
          "tests": Array [
            [Function],
            [Function],
            [Function],
          ],
          "transforms": Array [
            [Function],
            [Function],
          ],
          "type": "string",
        },
        "endpointsUsed": StringSchema {
          "_blacklist": ReferenceSet {
            "list": Set {},
            "refs": Map {},
          },
          "_blacklistError": undefined,
          "_mutate": undefined,
          "_typeError": [Function],
          "_whitelist": ReferenceSet {
            "list": Set {},
            "refs": Map {},
          },
          "_whitelistError": undefined,
          "conditions": Array [],
          "deps": Array [],
          "exclusiveTests": Object {
            "required": true,
            "trim": false,
          },
          "spec": Object {
            "abortEarly": true,
            "nullable": false,
            "presence": "required",
            "recursive": true,
            "strict": false,
            "strip": false,
          },
          "tests": Array [
            [Function],
            [Function],
          ],
          "transforms": Array [
            [Function],
            [Function],
          ],
          "type": "string",
        },
      },
      "spec": Object {
        "abortEarly": true,
        "nullable": false,
        "presence": "optional",
        "recursive": true,
        "strict": false,
        "strip": false,
      },
      "tests": Array [],
      "transforms": Array [
        [Function],
      ],
      "type": "object",
    }
  }
>
  <Form>
    <Grid>
      <GridItem
        className="is-one-quarter"
      >
        <h6
          className="title is-6"
        >
          Endpoints Used
        </h6>
      </GridItem>
      <GridItem>
        <SelectBox
          id="endpointsUsed"
          name="endpointsUsed"
          options={
            Array [
              Object {
                "label": "Please select",
                "value": "",
              },
              Object {
                "label": "1-5",
                "value": "tier1",
              },
              Object {
                "label": "6-10",
                "value": "tier2",
              },
              Object {
                "label": "11-20",
                "value": "tier3",
              },
              Object {
                "label": "21-30",
                "value": "tier4",
              },
              Object {
                "label": "31-40",
                "value": "tier5",
              },
              Object {
                "label": "41-50",
                "value": "tier6",
              },
              Object {
                "label": "50+",
                "value": "tier7",
              },
            ]
          }
        />
      </GridItem>
    </Grid>
    <Grid>
      <GridItem
        className="is-one-quarter"
      >
        <h6
          className="title is-6"
        >
          Monthly API Calls
        </h6>
      </GridItem>
      <GridItem>
        <Input
          id="apiCalls"
          name="apiCalls"
          placeholder="Please enter a number"
          type="text"
        />
      </GridItem>
    </Grid>
    <FlexContainerResponsive>
      <Button
        onClick={[Function]}
        type="button"
        variant="danger"
      >
        clear
      </Button>
      <Button
        type="submit"
        variant="primary"
      >
        Calculate
      </Button>
    </FlexContainerResponsive>
  </Form>
</Formik>
`;
