// Jest Snapshot v1, https://goo.gl/fbAQLP

exports[`Menu should match a snapshot 1`] = `
<Memo(MenuComponent)
  defaultActiveKey="LOGO"
  location={
    Object {
      "hash": "mockHash",
      "key": "mockKey",
      "pathname": "mockPathname",
      "search": "",
      "state": Object {},
    }
  }
  menu={
    Array [
      Object {
        "icon": <Unknown
          className="nav-item-icon"
        />,
        "key": "LOGO",
        "type": "LOGO",
      },
      Object {
        "icon": <FaHome
          className="nav-item-icon"
        />,
        "key": "HOME",
        "title": "Home",
        "type": "PRIMARY",
        "url": "/home",
      },
      Object {
        "icon": <FaBuilding
          className="nav-item-icon"
        />,
        "key": "OFFICES",
        "title": "Offices",
        "type": "PRIMARY",
        "url": "/offices",
      },
      Object {
        "icon": <IoIosPeople
          className="nav-item-icon"
        />,
        "key": "USERS",
        "title": "Users",
        "type": "PRIMARY",
        "url": "/users",
      },
      Object {
        "icon": <FaClipboardList
          className="nav-item-icon"
        />,
        "key": "SOURCES",
        "title": "Sources",
        "type": "PRIMARY",
        "url": "/sources",
      },
      Object {
        "icon": <MdWeb
          className="nav-item-icon"
        />,
        "key": "MARKETING",
        "title": "Marketing",
        "type": "PRIMARY",
        "url": "/marketing",
      },
      Object {
        "icon": <MdLibraryBooks
          className="nav-item-icon"
        />,
        "key": "LETTINGS",
        "title": "Lettings",
        "type": "PRIMARY",
        "url": "/lettings",
      },
      Object {
        "icon": <MdLiveHelp
          className="nav-item-icon"
        />,
        "key": "SUPPORT",
        "title": "Support",
        "type": "PRIMARY",
        "url": "/support",
      },
      Object {
        "icon": <FaDownload
          className="nav-item-icon"
        />,
        "key": "INSTALL",
        "title": "Install",
        "type": "PRIMARY",
        "url": "/install",
      },
      Object {
        "callback": [Function],
        "icon": <FaCloud
          className="nav-item-icon"
        />,
        "key": "APPS",
        "title": "Apps",
        "type": "PRIMARY",
      },
      Object {
        "callback": [Function],
        "icon": <FaSignOutAlt
          className="nav-item-icon"
        />,
        "key": "LOGOUT",
        "title": "Logout",
        "type": "SECONDARY",
      },
    ]
  }
  mode="WEB"
/>
`;
