// Jest Snapshot v1, https://goo.gl/fbAQLP

exports[`TextArea component should match a snapshot 1`] = `<ElTextArea />`;
