// Jest Snapshot v1, https://goo.gl/fbAQLP

exports[`WebhooksWrapper should match a snapshot for the /webhooks/about page 1`] = `
{
  "asFragment": [Function],
  "baseElement": <body>
    <div>
      <mock-styled.div />
      <mock-styled.h1
        classname=""
      >
        Webhooks
      </mock-styled.h1>
      <mock-styled.div
        classname=""
      />
      <mock-styled.div
        classname=""
      >
        <mock-styled.button
          classname="mock-css. mock-css."
        >
          <mock-styled.div />
          <mock-styled.span
            classname="mock-css.
  font-size: var(--font-size-subheading);
"
          >
            <svg />
          </mock-styled.span>
        </mock-styled.button>
      </mock-styled.div>
      <mock-styled.div
        classname="mock-css.
  width: 100%;
  justify-content: space-evenly;
"
      >
        <mock-styled.div>
          <mock-styled.input
            id="webhook-tab-about"
            name="webhook-tabs"
            type="radio"
            value="/webhooks/about"
          />
          <mock-styled.label
            htmlfor="webhook-tab-about"
          >
            <span
              class="mock-css.
  width: 100%;
  height: 100%;
  text-align: center;
  padding: 0.75rem 0;
  display: flex;
  justify-content: center;
  align-items: center;
  border-bottom: 2px solid var(--color-white);
  white-space: nowrap;
  font-size: var(--font-size-default);
  font-weight: var(--font-weight-medium);
  color: var(--color-grey-500);
"
            >
              About Webhooks
            </span>
          </mock-styled.label>
          <mock-styled.input
            id="webhook-tab-new"
            name="webhook-tabs"
            type="radio"
            value="/webhooks/new"
          />
          <mock-styled.label
            htmlfor="webhook-tab-new"
          >
            <span
              class="mock-css.
  width: 100%;
  height: 100%;
  text-align: center;
  padding: 0.75rem 0;
  display: flex;
  justify-content: center;
  align-items: center;
  border-bottom: 2px solid var(--color-white);
  white-space: nowrap;
  font-size: var(--font-size-default);
  font-weight: var(--font-weight-medium);
  color: var(--color-grey-500);
"
            >
              Add Webhook
            </span>
          </mock-styled.label>
          <mock-styled.input
            id="webhook-tab-manage"
            name="webhook-tabs"
            type="radio"
            value="/webhooks/manage"
          />
          <mock-styled.label
            htmlfor="webhook-tab-manage"
          >
            <span
              class="mock-css.
  width: 100%;
  height: 100%;
  text-align: center;
  padding: 0.75rem 0;
  display: flex;
  justify-content: center;
  align-items: center;
  border-bottom: 2px solid var(--color-white);
  white-space: nowrap;
  font-size: var(--font-size-default);
  font-weight: var(--font-weight-medium);
  color: var(--color-grey-500);
"
            >
              Manage Webhooks
            </span>
          </mock-styled.label>
          <mock-styled.input
            id="webhook-tab-logs"
            name="webhook-tabs"
            type="radio"
            value="/webhooks/logs"
          />
          <mock-styled.label
            htmlfor="webhook-tab-logs"
          >
            <span
              class="mock-css.
  width: 100%;
  height: 100%;
  text-align: center;
  padding: 0.75rem 0;
  display: flex;
  justify-content: center;
  align-items: center;
  border-bottom: 2px solid var(--color-white);
  white-space: nowrap;
  font-size: var(--font-size-default);
  font-weight: var(--font-weight-medium);
  color: var(--color-grey-500);
"
            >
              Transaction Logs
            </span>
          </mock-styled.label>
        </mock-styled.div>
        <mock-styled.div
          classname="mock-css.
  width: 100%;
  justify-content: space-evenly;
"
        />
      </mock-styled.div>
    </div>
  </body>,
  "container": <div>
    <mock-styled.div />
    <mock-styled.h1
      classname=""
    >
      Webhooks
    </mock-styled.h1>
    <mock-styled.div
      classname=""
    />
    <mock-styled.div
      classname=""
    >
      <mock-styled.button
        classname="mock-css. mock-css."
      >
        <mock-styled.div />
        <mock-styled.span
          classname="mock-css.
  font-size: var(--font-size-subheading);
"
        >
          <svg />
        </mock-styled.span>
      </mock-styled.button>
    </mock-styled.div>
    <mock-styled.div
      classname="mock-css.
  width: 100%;
  justify-content: space-evenly;
"
    >
      <mock-styled.div>
        <mock-styled.input
          id="webhook-tab-about"
          name="webhook-tabs"
          type="radio"
          value="/webhooks/about"
        />
        <mock-styled.label
          htmlfor="webhook-tab-about"
        >
          <span
            class="mock-css.
  width: 100%;
  height: 100%;
  text-align: center;
  padding: 0.75rem 0;
  display: flex;
  justify-content: center;
  align-items: center;
  border-bottom: 2px solid var(--color-white);
  white-space: nowrap;
  font-size: var(--font-size-default);
  font-weight: var(--font-weight-medium);
  color: var(--color-grey-500);
"
          >
            About Webhooks
          </span>
        </mock-styled.label>
        <mock-styled.input
          id="webhook-tab-new"
          name="webhook-tabs"
          type="radio"
          value="/webhooks/new"
        />
        <mock-styled.label
          htmlfor="webhook-tab-new"
        >
          <span
            class="mock-css.
  width: 100%;
  height: 100%;
  text-align: center;
  padding: 0.75rem 0;
  display: flex;
  justify-content: center;
  align-items: center;
  border-bottom: 2px solid var(--color-white);
  white-space: nowrap;
  font-size: var(--font-size-default);
  font-weight: var(--font-weight-medium);
  color: var(--color-grey-500);
"
          >
            Add Webhook
          </span>
        </mock-styled.label>
        <mock-styled.input
          id="webhook-tab-manage"
          name="webhook-tabs"
          type="radio"
          value="/webhooks/manage"
        />
        <mock-styled.label
          htmlfor="webhook-tab-manage"
        >
          <span
            class="mock-css.
  width: 100%;
  height: 100%;
  text-align: center;
  padding: 0.75rem 0;
  display: flex;
  justify-content: center;
  align-items: center;
  border-bottom: 2px solid var(--color-white);
  white-space: nowrap;
  font-size: var(--font-size-default);
  font-weight: var(--font-weight-medium);
  color: var(--color-grey-500);
"
          >
            Manage Webhooks
          </span>
        </mock-styled.label>
        <mock-styled.input
          id="webhook-tab-logs"
          name="webhook-tabs"
          type="radio"
          value="/webhooks/logs"
        />
        <mock-styled.label
          htmlfor="webhook-tab-logs"
        >
          <span
            class="mock-css.
  width: 100%;
  height: 100%;
  text-align: center;
  padding: 0.75rem 0;
  display: flex;
  justify-content: center;
  align-items: center;
  border-bottom: 2px solid var(--color-white);
  white-space: nowrap;
  font-size: var(--font-size-default);
  font-weight: var(--font-weight-medium);
  color: var(--color-grey-500);
"
          >
            Transaction Logs
          </span>
        </mock-styled.label>
      </mock-styled.div>
      <mock-styled.div
        classname="mock-css.
  width: 100%;
  justify-content: space-evenly;
"
      />
    </mock-styled.div>
  </div>,
  "debug": [Function],
  "findAllByAltText": [Function],
  "findAllByDisplayValue": [Function],
  "findAllByLabelText": [Function],
  "findAllByPlaceholderText": [Function],
  "findAllByRole": [Function],
  "findAllByTestId": [Function],
  "findAllByText": [Function],
  "findAllByTitle": [Function],
  "findByAltText": [Function],
  "findByDisplayValue": [Function],
  "findByLabelText": [Function],
  "findByPlaceholderText": [Function],
  "findByRole": [Function],
  "findByTestId": [Function],
  "findByText": [Function],
  "findByTitle": [Function],
  "getAllByAltText": [Function],
  "getAllByDisplayValue": [Function],
  "getAllByLabelText": [Function],
  "getAllByPlaceholderText": [Function],
  "getAllByRole": [Function],
  "getAllByTestId": [Function],
  "getAllByText": [Function],
  "getAllByTitle": [Function],
  "getByAltText": [Function],
  "getByDisplayValue": [Function],
  "getByLabelText": [Function],
  "getByPlaceholderText": [Function],
  "getByRole": [Function],
  "getByTestId": [Function],
  "getByText": [Function],
  "getByTitle": [Function],
  "queryAllByAltText": [Function],
  "queryAllByDisplayValue": [Function],
  "queryAllByLabelText": [Function],
  "queryAllByPlaceholderText": [Function],
  "queryAllByRole": [Function],
  "queryAllByTestId": [Function],
  "queryAllByText": [Function],
  "queryAllByTitle": [Function],
  "queryByAltText": [Function],
  "queryByDisplayValue": [Function],
  "queryByLabelText": [Function],
  "queryByPlaceholderText": [Function],
  "queryByRole": [Function],
  "queryByTestId": [Function],
  "queryByText": [Function],
  "queryByTitle": [Function],
  "rerender": [Function],
  "unmount": [Function],
}
`;

exports[`WebhooksWrapper should match a snapshot for the /webhooks/logs page 1`] = `
{
  "asFragment": [Function],
  "baseElement": <body>
    <div>
      <mock-styled.div />
      <mock-styled.h1
        classname=""
      >
        Webhooks
      </mock-styled.h1>
      <mock-styled.div
        classname=""
      />
      <mock-styled.div
        classname=""
      >
        <mock-styled.button
          classname="mock-css. mock-css."
        >
          <mock-styled.div />
          <mock-styled.span
            classname="mock-css.
  font-size: var(--font-size-subheading);
"
          >
            <svg />
          </mock-styled.span>
        </mock-styled.button>
      </mock-styled.div>
      <mock-styled.div
        classname="mock-css.
  width: 100%;
  justify-content: space-evenly;
"
      >
        <mock-styled.div>
          <mock-styled.input
            id="webhook-tab-about"
            name="webhook-tabs"
            type="radio"
            value="/webhooks/about"
          />
          <mock-styled.label
            htmlfor="webhook-tab-about"
          >
            <span
              class="mock-css.
  width: 100%;
  height: 100%;
  text-align: center;
  padding: 0.75rem 0;
  display: flex;
  justify-content: center;
  align-items: center;
  border-bottom: 2px solid var(--color-white);
  white-space: nowrap;
  font-size: var(--font-size-default);
  font-weight: var(--font-weight-medium);
  color: var(--color-grey-500);
"
            >
              About Webhooks
            </span>
          </mock-styled.label>
          <mock-styled.input
            id="webhook-tab-new"
            name="webhook-tabs"
            type="radio"
            value="/webhooks/new"
          />
          <mock-styled.label
            htmlfor="webhook-tab-new"
          >
            <span
              class="mock-css.
  width: 100%;
  height: 100%;
  text-align: center;
  padding: 0.75rem 0;
  display: flex;
  justify-content: center;
  align-items: center;
  border-bottom: 2px solid var(--color-white);
  white-space: nowrap;
  font-size: var(--font-size-default);
  font-weight: var(--font-weight-medium);
  color: var(--color-grey-500);
"
            >
              Add Webhook
            </span>
          </mock-styled.label>
          <mock-styled.input
            id="webhook-tab-manage"
            name="webhook-tabs"
            type="radio"
            value="/webhooks/manage"
          />
          <mock-styled.label
            htmlfor="webhook-tab-manage"
          >
            <span
              class="mock-css.
  width: 100%;
  height: 100%;
  text-align: center;
  padding: 0.75rem 0;
  display: flex;
  justify-content: center;
  align-items: center;
  border-bottom: 2px solid var(--color-white);
  white-space: nowrap;
  font-size: var(--font-size-default);
  font-weight: var(--font-weight-medium);
  color: var(--color-grey-500);
"
            >
              Manage Webhooks
            </span>
          </mock-styled.label>
          <mock-styled.input
            id="webhook-tab-logs"
            name="webhook-tabs"
            type="radio"
            value="/webhooks/logs"
          />
          <mock-styled.label
            htmlfor="webhook-tab-logs"
          >
            <span
              class="mock-css.
  width: 100%;
  height: 100%;
  text-align: center;
  padding: 0.75rem 0;
  display: flex;
  justify-content: center;
  align-items: center;
  border-bottom: 2px solid var(--color-white);
  white-space: nowrap;
  font-size: var(--font-size-default);
  font-weight: var(--font-weight-medium);
  color: var(--color-grey-500);
"
            >
              Transaction Logs
            </span>
          </mock-styled.label>
        </mock-styled.div>
        <mock-styled.div
          classname="mock-css.
  width: 100%;
  justify-content: space-evenly;
"
        />
      </mock-styled.div>
    </div>
  </body>,
  "container": <div>
    <mock-styled.div />
    <mock-styled.h1
      classname=""
    >
      Webhooks
    </mock-styled.h1>
    <mock-styled.div
      classname=""
    />
    <mock-styled.div
      classname=""
    >
      <mock-styled.button
        classname="mock-css. mock-css."
      >
        <mock-styled.div />
        <mock-styled.span
          classname="mock-css.
  font-size: var(--font-size-subheading);
"
        >
          <svg />
        </mock-styled.span>
      </mock-styled.button>
    </mock-styled.div>
    <mock-styled.div
      classname="mock-css.
  width: 100%;
  justify-content: space-evenly;
"
    >
      <mock-styled.div>
        <mock-styled.input
          id="webhook-tab-about"
          name="webhook-tabs"
          type="radio"
          value="/webhooks/about"
        />
        <mock-styled.label
          htmlfor="webhook-tab-about"
        >
          <span
            class="mock-css.
  width: 100%;
  height: 100%;
  text-align: center;
  padding: 0.75rem 0;
  display: flex;
  justify-content: center;
  align-items: center;
  border-bottom: 2px solid var(--color-white);
  white-space: nowrap;
  font-size: var(--font-size-default);
  font-weight: var(--font-weight-medium);
  color: var(--color-grey-500);
"
          >
            About Webhooks
          </span>
        </mock-styled.label>
        <mock-styled.input
          id="webhook-tab-new"
          name="webhook-tabs"
          type="radio"
          value="/webhooks/new"
        />
        <mock-styled.label
          htmlfor="webhook-tab-new"
        >
          <span
            class="mock-css.
  width: 100%;
  height: 100%;
  text-align: center;
  padding: 0.75rem 0;
  display: flex;
  justify-content: center;
  align-items: center;
  border-bottom: 2px solid var(--color-white);
  white-space: nowrap;
  font-size: var(--font-size-default);
  font-weight: var(--font-weight-medium);
  color: var(--color-grey-500);
"
          >
            Add Webhook
          </span>
        </mock-styled.label>
        <mock-styled.input
          id="webhook-tab-manage"
          name="webhook-tabs"
          type="radio"
          value="/webhooks/manage"
        />
        <mock-styled.label
          htmlfor="webhook-tab-manage"
        >
          <span
            class="mock-css.
  width: 100%;
  height: 100%;
  text-align: center;
  padding: 0.75rem 0;
  display: flex;
  justify-content: center;
  align-items: center;
  border-bottom: 2px solid var(--color-white);
  white-space: nowrap;
  font-size: var(--font-size-default);
  font-weight: var(--font-weight-medium);
  color: var(--color-grey-500);
"
          >
            Manage Webhooks
          </span>
        </mock-styled.label>
        <mock-styled.input
          id="webhook-tab-logs"
          name="webhook-tabs"
          type="radio"
          value="/webhooks/logs"
        />
        <mock-styled.label
          htmlfor="webhook-tab-logs"
        >
          <span
            class="mock-css.
  width: 100%;
  height: 100%;
  text-align: center;
  padding: 0.75rem 0;
  display: flex;
  justify-content: center;
  align-items: center;
  border-bottom: 2px solid var(--color-white);
  white-space: nowrap;
  font-size: var(--font-size-default);
  font-weight: var(--font-weight-medium);
  color: var(--color-grey-500);
"
          >
            Transaction Logs
          </span>
        </mock-styled.label>
      </mock-styled.div>
      <mock-styled.div
        classname="mock-css.
  width: 100%;
  justify-content: space-evenly;
"
      />
    </mock-styled.div>
  </div>,
  "debug": [Function],
  "findAllByAltText": [Function],
  "findAllByDisplayValue": [Function],
  "findAllByLabelText": [Function],
  "findAllByPlaceholderText": [Function],
  "findAllByRole": [Function],
  "findAllByTestId": [Function],
  "findAllByText": [Function],
  "findAllByTitle": [Function],
  "findByAltText": [Function],
  "findByDisplayValue": [Function],
  "findByLabelText": [Function],
  "findByPlaceholderText": [Function],
  "findByRole": [Function],
  "findByTestId": [Function],
  "findByText": [Function],
  "findByTitle": [Function],
  "getAllByAltText": [Function],
  "getAllByDisplayValue": [Function],
  "getAllByLabelText": [Function],
  "getAllByPlaceholderText": [Function],
  "getAllByRole": [Function],
  "getAllByTestId": [Function],
  "getAllByText": [Function],
  "getAllByTitle": [Function],
  "getByAltText": [Function],
  "getByDisplayValue": [Function],
  "getByLabelText": [Function],
  "getByPlaceholderText": [Function],
  "getByRole": [Function],
  "getByTestId": [Function],
  "getByText": [Function],
  "getByTitle": [Function],
  "queryAllByAltText": [Function],
  "queryAllByDisplayValue": [Function],
  "queryAllByLabelText": [Function],
  "queryAllByPlaceholderText": [Function],
  "queryAllByRole": [Function],
  "queryAllByTestId": [Function],
  "queryAllByText": [Function],
  "queryAllByTitle": [Function],
  "queryByAltText": [Function],
  "queryByDisplayValue": [Function],
  "queryByLabelText": [Function],
  "queryByPlaceholderText": [Function],
  "queryByRole": [Function],
  "queryByTestId": [Function],
  "queryByText": [Function],
  "queryByTitle": [Function],
  "rerender": [Function],
  "unmount": [Function],
}
`;

exports[`WebhooksWrapper should match a snapshot for the /webhooks/manage page 1`] = `
{
  "asFragment": [Function],
  "baseElement": <body>
    <div>
      <mock-styled.div />
      <mock-styled.h1
        classname=""
      >
        Webhooks
      </mock-styled.h1>
      <mock-styled.div
        classname=""
      />
      <mock-styled.div
        classname=""
      >
        <mock-styled.button
          classname="mock-css. mock-css."
        >
          <mock-styled.div />
          <mock-styled.span
            classname="mock-css.
  font-size: var(--font-size-subheading);
"
          >
            <svg />
          </mock-styled.span>
        </mock-styled.button>
      </mock-styled.div>
      <mock-styled.div
        classname="mock-css.
  width: 100%;
  justify-content: space-evenly;
"
      >
        <mock-styled.div>
          <mock-styled.input
            id="webhook-tab-about"
            name="webhook-tabs"
            type="radio"
            value="/webhooks/about"
          />
          <mock-styled.label
            htmlfor="webhook-tab-about"
          >
            <span
              class="mock-css.
  width: 100%;
  height: 100%;
  text-align: center;
  padding: 0.75rem 0;
  display: flex;
  justify-content: center;
  align-items: center;
  border-bottom: 2px solid var(--color-white);
  white-space: nowrap;
  font-size: var(--font-size-default);
  font-weight: var(--font-weight-medium);
  color: var(--color-grey-500);
"
            >
              About Webhooks
            </span>
          </mock-styled.label>
          <mock-styled.input
            id="webhook-tab-new"
            name="webhook-tabs"
            type="radio"
            value="/webhooks/new"
          />
          <mock-styled.label
            htmlfor="webhook-tab-new"
          >
            <span
              class="mock-css.
  width: 100%;
  height: 100%;
  text-align: center;
  padding: 0.75rem 0;
  display: flex;
  justify-content: center;
  align-items: center;
  border-bottom: 2px solid var(--color-white);
  white-space: nowrap;
  font-size: var(--font-size-default);
  font-weight: var(--font-weight-medium);
  color: var(--color-grey-500);
"
            >
              Add Webhook
            </span>
          </mock-styled.label>
          <mock-styled.input
            id="webhook-tab-manage"
            name="webhook-tabs"
            type="radio"
            value="/webhooks/manage"
          />
          <mock-styled.label
            htmlfor="webhook-tab-manage"
          >
            <span
              class="mock-css.
  width: 100%;
  height: 100%;
  text-align: center;
  padding: 0.75rem 0;
  display: flex;
  justify-content: center;
  align-items: center;
  border-bottom: 2px solid var(--color-white);
  white-space: nowrap;
  font-size: var(--font-size-default);
  font-weight: var(--font-weight-medium);
  color: var(--color-grey-500);
"
            >
              Manage Webhooks
            </span>
          </mock-styled.label>
          <mock-styled.input
            id="webhook-tab-logs"
            name="webhook-tabs"
            type="radio"
            value="/webhooks/logs"
          />
          <mock-styled.label
            htmlfor="webhook-tab-logs"
          >
            <span
              class="mock-css.
  width: 100%;
  height: 100%;
  text-align: center;
  padding: 0.75rem 0;
  display: flex;
  justify-content: center;
  align-items: center;
  border-bottom: 2px solid var(--color-white);
  white-space: nowrap;
  font-size: var(--font-size-default);
  font-weight: var(--font-weight-medium);
  color: var(--color-grey-500);
"
            >
              Transaction Logs
            </span>
          </mock-styled.label>
        </mock-styled.div>
        <mock-styled.div
          classname="mock-css.
  width: 100%;
  justify-content: space-evenly;
"
        />
      </mock-styled.div>
    </div>
  </body>,
  "container": <div>
    <mock-styled.div />
    <mock-styled.h1
      classname=""
    >
      Webhooks
    </mock-styled.h1>
    <mock-styled.div
      classname=""
    />
    <mock-styled.div
      classname=""
    >
      <mock-styled.button
        classname="mock-css. mock-css."
      >
        <mock-styled.div />
        <mock-styled.span
          classname="mock-css.
  font-size: var(--font-size-subheading);
"
        >
          <svg />
        </mock-styled.span>
      </mock-styled.button>
    </mock-styled.div>
    <mock-styled.div
      classname="mock-css.
  width: 100%;
  justify-content: space-evenly;
"
    >
      <mock-styled.div>
        <mock-styled.input
          id="webhook-tab-about"
          name="webhook-tabs"
          type="radio"
          value="/webhooks/about"
        />
        <mock-styled.label
          htmlfor="webhook-tab-about"
        >
          <span
            class="mock-css.
  width: 100%;
  height: 100%;
  text-align: center;
  padding: 0.75rem 0;
  display: flex;
  justify-content: center;
  align-items: center;
  border-bottom: 2px solid var(--color-white);
  white-space: nowrap;
  font-size: var(--font-size-default);
  font-weight: var(--font-weight-medium);
  color: var(--color-grey-500);
"
          >
            About Webhooks
          </span>
        </mock-styled.label>
        <mock-styled.input
          id="webhook-tab-new"
          name="webhook-tabs"
          type="radio"
          value="/webhooks/new"
        />
        <mock-styled.label
          htmlfor="webhook-tab-new"
        >
          <span
            class="mock-css.
  width: 100%;
  height: 100%;
  text-align: center;
  padding: 0.75rem 0;
  display: flex;
  justify-content: center;
  align-items: center;
  border-bottom: 2px solid var(--color-white);
  white-space: nowrap;
  font-size: var(--font-size-default);
  font-weight: var(--font-weight-medium);
  color: var(--color-grey-500);
"
          >
            Add Webhook
          </span>
        </mock-styled.label>
        <mock-styled.input
          id="webhook-tab-manage"
          name="webhook-tabs"
          type="radio"
          value="/webhooks/manage"
        />
        <mock-styled.label
          htmlfor="webhook-tab-manage"
        >
          <span
            class="mock-css.
  width: 100%;
  height: 100%;
  text-align: center;
  padding: 0.75rem 0;
  display: flex;
  justify-content: center;
  align-items: center;
  border-bottom: 2px solid var(--color-white);
  white-space: nowrap;
  font-size: var(--font-size-default);
  font-weight: var(--font-weight-medium);
  color: var(--color-grey-500);
"
          >
            Manage Webhooks
          </span>
        </mock-styled.label>
        <mock-styled.input
          id="webhook-tab-logs"
          name="webhook-tabs"
          type="radio"
          value="/webhooks/logs"
        />
        <mock-styled.label
          htmlfor="webhook-tab-logs"
        >
          <span
            class="mock-css.
  width: 100%;
  height: 100%;
  text-align: center;
  padding: 0.75rem 0;
  display: flex;
  justify-content: center;
  align-items: center;
  border-bottom: 2px solid var(--color-white);
  white-space: nowrap;
  font-size: var(--font-size-default);
  font-weight: var(--font-weight-medium);
  color: var(--color-grey-500);
"
          >
            Transaction Logs
          </span>
        </mock-styled.label>
      </mock-styled.div>
      <mock-styled.div
        classname="mock-css.
  width: 100%;
  justify-content: space-evenly;
"
      />
    </mock-styled.div>
  </div>,
  "debug": [Function],
  "findAllByAltText": [Function],
  "findAllByDisplayValue": [Function],
  "findAllByLabelText": [Function],
  "findAllByPlaceholderText": [Function],
  "findAllByRole": [Function],
  "findAllByTestId": [Function],
  "findAllByText": [Function],
  "findAllByTitle": [Function],
  "findByAltText": [Function],
  "findByDisplayValue": [Function],
  "findByLabelText": [Function],
  "findByPlaceholderText": [Function],
  "findByRole": [Function],
  "findByTestId": [Function],
  "findByText": [Function],
  "findByTitle": [Function],
  "getAllByAltText": [Function],
  "getAllByDisplayValue": [Function],
  "getAllByLabelText": [Function],
  "getAllByPlaceholderText": [Function],
  "getAllByRole": [Function],
  "getAllByTestId": [Function],
  "getAllByText": [Function],
  "getAllByTitle": [Function],
  "getByAltText": [Function],
  "getByDisplayValue": [Function],
  "getByLabelText": [Function],
  "getByPlaceholderText": [Function],
  "getByRole": [Function],
  "getByTestId": [Function],
  "getByText": [Function],
  "getByTitle": [Function],
  "queryAllByAltText": [Function],
  "queryAllByDisplayValue": [Function],
  "queryAllByLabelText": [Function],
  "queryAllByPlaceholderText": [Function],
  "queryAllByRole": [Function],
  "queryAllByTestId": [Function],
  "queryAllByText": [Function],
  "queryAllByTitle": [Function],
  "queryByAltText": [Function],
  "queryByDisplayValue": [Function],
  "queryByLabelText": [Function],
  "queryByPlaceholderText": [Function],
  "queryByRole": [Function],
  "queryByTestId": [Function],
  "queryByText": [Function],
  "queryByTitle": [Function],
  "rerender": [Function],
  "unmount": [Function],
}
`;

exports[`WebhooksWrapper should match a snapshot for the /webhooks/new page 1`] = `
{
  "asFragment": [Function],
  "baseElement": <body>
    <div>
      <mock-styled.div />
      <mock-styled.h1
        classname=""
      >
        Webhooks
      </mock-styled.h1>
      <mock-styled.div
        classname=""
      />
      <mock-styled.div
        classname=""
      >
        <mock-styled.button
          classname="mock-css. mock-css."
        >
          <mock-styled.div />
          <mock-styled.span
            classname="mock-css.
  font-size: var(--font-size-subheading);
"
          >
            <svg />
          </mock-styled.span>
        </mock-styled.button>
      </mock-styled.div>
      <mock-styled.div
        classname="mock-css.
  width: 100%;
  justify-content: space-evenly;
"
      >
        <mock-styled.div>
          <mock-styled.input
            id="webhook-tab-about"
            name="webhook-tabs"
            type="radio"
            value="/webhooks/about"
          />
          <mock-styled.label
            htmlfor="webhook-tab-about"
          >
            <span
              class="mock-css.
  width: 100%;
  height: 100%;
  text-align: center;
  padding: 0.75rem 0;
  display: flex;
  justify-content: center;
  align-items: center;
  border-bottom: 2px solid var(--color-white);
  white-space: nowrap;
  font-size: var(--font-size-default);
  font-weight: var(--font-weight-medium);
  color: var(--color-grey-500);
"
            >
              About Webhooks
            </span>
          </mock-styled.label>
          <mock-styled.input
            id="webhook-tab-new"
            name="webhook-tabs"
            type="radio"
            value="/webhooks/new"
          />
          <mock-styled.label
            htmlfor="webhook-tab-new"
          >
            <span
              class="mock-css.
  width: 100%;
  height: 100%;
  text-align: center;
  padding: 0.75rem 0;
  display: flex;
  justify-content: center;
  align-items: center;
  border-bottom: 2px solid var(--color-white);
  white-space: nowrap;
  font-size: var(--font-size-default);
  font-weight: var(--font-weight-medium);
  color: var(--color-grey-500);
"
            >
              Add Webhook
            </span>
          </mock-styled.label>
          <mock-styled.input
            id="webhook-tab-manage"
            name="webhook-tabs"
            type="radio"
            value="/webhooks/manage"
          />
          <mock-styled.label
            htmlfor="webhook-tab-manage"
          >
            <span
              class="mock-css.
  width: 100%;
  height: 100%;
  text-align: center;
  padding: 0.75rem 0;
  display: flex;
  justify-content: center;
  align-items: center;
  border-bottom: 2px solid var(--color-white);
  white-space: nowrap;
  font-size: var(--font-size-default);
  font-weight: var(--font-weight-medium);
  color: var(--color-grey-500);
"
            >
              Manage Webhooks
            </span>
          </mock-styled.label>
          <mock-styled.input
            id="webhook-tab-logs"
            name="webhook-tabs"
            type="radio"
            value="/webhooks/logs"
          />
          <mock-styled.label
            htmlfor="webhook-tab-logs"
          >
            <span
              class="mock-css.
  width: 100%;
  height: 100%;
  text-align: center;
  padding: 0.75rem 0;
  display: flex;
  justify-content: center;
  align-items: center;
  border-bottom: 2px solid var(--color-white);
  white-space: nowrap;
  font-size: var(--font-size-default);
  font-weight: var(--font-weight-medium);
  color: var(--color-grey-500);
"
            >
              Transaction Logs
            </span>
          </mock-styled.label>
        </mock-styled.div>
        <mock-styled.div
          classname="mock-css.
  width: 100%;
  justify-content: space-evenly;
"
        />
      </mock-styled.div>
    </div>
  </body>,
  "container": <div>
    <mock-styled.div />
    <mock-styled.h1
      classname=""
    >
      Webhooks
    </mock-styled.h1>
    <mock-styled.div
      classname=""
    />
    <mock-styled.div
      classname=""
    >
      <mock-styled.button
        classname="mock-css. mock-css."
      >
        <mock-styled.div />
        <mock-styled.span
          classname="mock-css.
  font-size: var(--font-size-subheading);
"
        >
          <svg />
        </mock-styled.span>
      </mock-styled.button>
    </mock-styled.div>
    <mock-styled.div
      classname="mock-css.
  width: 100%;
  justify-content: space-evenly;
"
    >
      <mock-styled.div>
        <mock-styled.input
          id="webhook-tab-about"
          name="webhook-tabs"
          type="radio"
          value="/webhooks/about"
        />
        <mock-styled.label
          htmlfor="webhook-tab-about"
        >
          <span
            class="mock-css.
  width: 100%;
  height: 100%;
  text-align: center;
  padding: 0.75rem 0;
  display: flex;
  justify-content: center;
  align-items: center;
  border-bottom: 2px solid var(--color-white);
  white-space: nowrap;
  font-size: var(--font-size-default);
  font-weight: var(--font-weight-medium);
  color: var(--color-grey-500);
"
          >
            About Webhooks
          </span>
        </mock-styled.label>
        <mock-styled.input
          id="webhook-tab-new"
          name="webhook-tabs"
          type="radio"
          value="/webhooks/new"
        />
        <mock-styled.label
          htmlfor="webhook-tab-new"
        >
          <span
            class="mock-css.
  width: 100%;
  height: 100%;
  text-align: center;
  padding: 0.75rem 0;
  display: flex;
  justify-content: center;
  align-items: center;
  border-bottom: 2px solid var(--color-white);
  white-space: nowrap;
  font-size: var(--font-size-default);
  font-weight: var(--font-weight-medium);
  color: var(--color-grey-500);
"
          >
            Add Webhook
          </span>
        </mock-styled.label>
        <mock-styled.input
          id="webhook-tab-manage"
          name="webhook-tabs"
          type="radio"
          value="/webhooks/manage"
        />
        <mock-styled.label
          htmlfor="webhook-tab-manage"
        >
          <span
            class="mock-css.
  width: 100%;
  height: 100%;
  text-align: center;
  padding: 0.75rem 0;
  display: flex;
  justify-content: center;
  align-items: center;
  border-bottom: 2px solid var(--color-white);
  white-space: nowrap;
  font-size: var(--font-size-default);
  font-weight: var(--font-weight-medium);
  color: var(--color-grey-500);
"
          >
            Manage Webhooks
          </span>
        </mock-styled.label>
        <mock-styled.input
          id="webhook-tab-logs"
          name="webhook-tabs"
          type="radio"
          value="/webhooks/logs"
        />
        <mock-styled.label
          htmlfor="webhook-tab-logs"
        >
          <span
            class="mock-css.
  width: 100%;
  height: 100%;
  text-align: center;
  padding: 0.75rem 0;
  display: flex;
  justify-content: center;
  align-items: center;
  border-bottom: 2px solid var(--color-white);
  white-space: nowrap;
  font-size: var(--font-size-default);
  font-weight: var(--font-weight-medium);
  color: var(--color-grey-500);
"
          >
            Transaction Logs
          </span>
        </mock-styled.label>
      </mock-styled.div>
      <mock-styled.div
        classname="mock-css.
  width: 100%;
  justify-content: space-evenly;
"
      />
    </mock-styled.div>
  </div>,
  "debug": [Function],
  "findAllByAltText": [Function],
  "findAllByDisplayValue": [Function],
  "findAllByLabelText": [Function],
  "findAllByPlaceholderText": [Function],
  "findAllByRole": [Function],
  "findAllByTestId": [Function],
  "findAllByText": [Function],
  "findAllByTitle": [Function],
  "findByAltText": [Function],
  "findByDisplayValue": [Function],
  "findByLabelText": [Function],
  "findByPlaceholderText": [Function],
  "findByRole": [Function],
  "findByTestId": [Function],
  "findByText": [Function],
  "findByTitle": [Function],
  "getAllByAltText": [Function],
  "getAllByDisplayValue": [Function],
  "getAllByLabelText": [Function],
  "getAllByPlaceholderText": [Function],
  "getAllByRole": [Function],
  "getAllByTestId": [Function],
  "getAllByText": [Function],
  "getAllByTitle": [Function],
  "getByAltText": [Function],
  "getByDisplayValue": [Function],
  "getByLabelText": [Function],
  "getByPlaceholderText": [Function],
  "getByRole": [Function],
  "getByTestId": [Function],
  "getByText": [Function],
  "getByTitle": [Function],
  "queryAllByAltText": [Function],
  "queryAllByDisplayValue": [Function],
  "queryAllByLabelText": [Function],
  "queryAllByPlaceholderText": [Function],
  "queryAllByRole": [Function],
  "queryAllByTestId": [Function],
  "queryAllByText": [Function],
  "queryAllByTitle": [Function],
  "queryByAltText": [Function],
  "queryByDisplayValue": [Function],
  "queryByLabelText": [Function],
  "queryByPlaceholderText": [Function],
  "queryByRole": [Function],
  "queryByTestId": [Function],
  "queryByText": [Function],
  "queryByTitle": [Function],
  "rerender": [Function],
  "unmount": [Function],
}
`;
