// Jest Snapshot v1, https://goo.gl/fbAQLP

exports[`AppConfirmUninstall render correctly 1`] = `
<Fragment>
  <Component
    afterClose={[MockFunction]}
    data-test="confirm-content"
    title="Confirm Peter's Properties uninstall"
  />
  <Component
    body={
      <React.Fragment>
        Are you sure you wish to uninstall 
        Peter's Properties
        ? This action will uninstall the app for ALL platform users.
      </React.Fragment>
    }
  />
  <Component
    footerItems={
      <React.Fragment>
        <Unknown
          className="mx-4"
          dataTest="agree-btn"
          fullWidth={true}
          loading={false}
          onClick={[Function]}
          type="button"
          variant="primary"
        >
          Agree
        </Unknown>
        <Unknown
          className="mx-4"
          dataTest="disagree-btn"
          disabled={false}
          fullWidth={true}
          onClick={[Function]}
          type="button"
          variant="danger"
        >
          Disagree
        </Unknown>
      </React.Fragment>
    }
  />
</Fragment>
`;

exports[`AppConfirmUninstall render correctly 2`] = `
<Fragment>
  <Component
    afterClose={[MockFunction]}
    data-test="confirm-content"
    title="Confirm Peter's Properties uninstall"
  />
  <Component
    body={
      <React.Fragment>
        Are you sure you wish to uninstall 
        Peter's Properties
        ? This action will uninstall the app for ALL platform users.
      </React.Fragment>
    }
  />
  <Component
    footerItems={
      <React.Fragment>
        <Unknown
          className="mx-4"
          dataTest="agree-btn"
          fullWidth={true}
          loading={false}
          onClick={[Function]}
          type="button"
          variant="primary"
        >
          Agree
        </Unknown>
        <Unknown
          className="mx-4"
          dataTest="disagree-btn"
          disabled={false}
          fullWidth={true}
          onClick={[Function]}
          type="button"
          variant="danger"
        >
          Disagree
        </Unknown>
      </React.Fragment>
    }
  />
</Fragment>
`;

exports[`AppConfirmUninstall render correctly 3`] = `
<Fragment>
  <Component
    afterClose={[MockFunction]}
    data-test="confirm-content"
    title="Confirm Peter's Properties uninstall"
  />
  <Component
    body={
      <React.Fragment>
        Are you sure you wish to uninstall 
        Peter's Properties
        ? This action will uninstall the app for ALL platform users.
      </React.Fragment>
    }
  />
  <Component
    footerItems={
      <React.Fragment>
        <Unknown
          className="mx-4"
          dataTest="agree-btn"
          fullWidth={true}
          loading={true}
          onClick={[Function]}
          type="button"
          variant="primary"
        >
          Agree
        </Unknown>
        <Unknown
          className="mx-4"
          dataTest="disagree-btn"
          disabled={true}
          fullWidth={true}
          onClick={[Function]}
          type="button"
          variant="danger"
        >
          Disagree
        </Unknown>
      </React.Fragment>
    }
  />
</Fragment>
`;

exports[`AppConfirmUninstall render correctly 4`] = `
<Fragment>
  <Component
    afterClose={[MockFunction]}
    data-test="confirm-content"
    title="Confirm Peter's Properties uninstall"
  />
  <Component
    body={
      <React.Fragment>
        Are you sure you wish to uninstall 
        Peter's Properties
        ? This action will uninstall the app for ALL platform users.
      </React.Fragment>
    }
  />
  <Component
    footerItems={
      <React.Fragment>
        <Unknown
          className="mx-4"
          dataTest="agree-btn"
          fullWidth={true}
          loading={false}
          onClick={[Function]}
          type="button"
          variant="primary"
        >
          Agree
        </Unknown>
        <Unknown
          className="mx-4"
          dataTest="disagree-btn"
          disabled={false}
          fullWidth={true}
          onClick={[Function]}
          type="button"
          variant="danger"
        >
          Disagree
        </Unknown>
      </React.Fragment>
    }
  />
</Fragment>
`;

exports[`AppConfirmUninstall render correctly 5`] = `
<Fragment>
  <Component
    afterClose={[MockFunction]}
    data-test="confirm-content"
    title="Confirm Peter's Properties uninstall"
  />
  <Component
    body={
      <React.Fragment>
        Are you sure you wish to uninstall 
        Peter's Properties
        ? This action will uninstall the app for ALL platform users.
      </React.Fragment>
    }
  />
  <Component
    footerItems={
      <React.Fragment>
        <Unknown
          className="mx-4"
          dataTest="agree-btn"
          fullWidth={true}
          loading={false}
          onClick={[Function]}
          type="button"
          variant="primary"
        >
          Agree
        </Unknown>
        <Unknown
          className="mx-4"
          dataTest="disagree-btn"
          disabled={false}
          fullWidth={true}
          onClick={[Function]}
          type="button"
          variant="danger"
        >
          Disagree
        </Unknown>
      </React.Fragment>
    }
  />
</Fragment>
`;
