// Jest Snapshot v1, https://goo.gl/fbAQLP

exports[`DeveloperDesktopPage should match snapshot 1`] = `
{
  "asFragment": [Function],
  "baseElement": <body>
    <div>
      <div
        class="mocked-styled-93 el-snack-holder"
      />
      <h1
        class="el-text-base el-title"
      >
        Desktop
      </h1>
      <div
        class="mock-css.
  display: grid;
  grid-template-columns: repeat(,, 1fr);
 mock-css.
  grid-row-gap: 2rem;
 mock-css.
  grid-column-gap: 1.5rem;
"
      >
        <div
          class="mock-css. mock-css.
  grid-column-end: span 12;
"
        >
          <div
            class="el-fade-in"
          >
            <p
              class="el-text-base el-body-text el-mb6 mock-css.
  color: var(--color-grey-500);
"
            >
              Reapit's Agency Cloud is a desktop application that offers estate agencies a comprehensive range of market leading agency products, including a Sales CRM, Lettings CRM, Client Accounts, Property Management and real-time Analytics.
            </p>
            <div
              class="mock-css.
  display: grid;
  grid-template-columns: repeat(,, 1fr);
 mock-css.
  grid-row-gap: 2rem;
 mock-css.
  grid-column-gap: 1.5rem;
 el-mb8"
            >
              <mock-styled.div>
                <mock-styled.div>
                  <svg />
                  <mock-styled.div>
                    Become familiar with our CRM software using sandbox data
                  </mock-styled.div>
                </mock-styled.div>
              </mock-styled.div>
              <mock-styled.div>
                <mock-styled.div>
                  <svg />
                  <mock-styled.div>
                    Test your Marketplace application inside Agency Cloud
                  </mock-styled.div>
                </mock-styled.div>
              </mock-styled.div>
              <mock-styled.div>
                <mock-styled.div>
                  <svg />
                  <mock-styled.div>
                    Understand how customers will interact with your application
                  </mock-styled.div>
                </mock-styled.div>
              </mock-styled.div>
            </div>
          </div>
          <div
            class="mock-css.
  display: grid;
  grid-template-columns: repeat(,, 1fr);
 mock-css.
  grid-row-gap: 2rem;
 mock-css.
  grid-column-gap: 1.5rem;
"
          >
            <div
              class="mock-css. mock-css.
  grid-column-end: span 6;
"
            >
              <div
                class="el-fade-in"
              >
                <h2
                  class="el-text-base el-subtitle"
                >
                  About Foundations Desktop API
                </h2>
                <p
                  class="el-text-base el-body-text el-mb6 mock-css.
  color: var(--color-grey-500);
"
                >
                  Developers that would like to integrate with or extend the functionality of Agency Cloud can use the Foundations Desktop API to build web applications for Reapit's app Marketplace that trigger events in the Agency Cloud desktop application, as well as associating their apps with common actions in Agency Cloud to replace default behaviours and screens.
                </p>
                <p
                  class="el-text-base el-body-text el-mb6 mock-css.
  color: var(--color-grey-500);
"
                >
                  For example, a developer building a Marketplace app that provides AML and ID checking, can use the Desktop API to associate their app with the default ID checking screen in Agency Cloud. When a customer clicks the default button to launch the ID check screen, the developer's associated app would be presented instead.
                </p>
                <p
                  class="el-text-base el-body-text el-mb6 mock-css.
  color: var(--color-grey-500);
"
                >
                  To learn more about what’s possible with the Desktop API, please visit the
                   
                  <a
                    href="https://foundations-documentation.reapit.cloud/api/desktop-api"
                    rel="noreferrer"
                    target="_blank"
                  >
                    documentation.
                  </a>
                </p>
              </div>
            </div>
            <div
              class="mock-css. mock-css.
  grid-column-end: span 6;
"
            >
              <div
                class="el-fade-in"
              >
                <h2
                  class="el-text-base el-subtitle"
                >
                  How your app integrates with the Developer Edition of Agency Cloud
                </h2>
                <mock-styled.div>
                  <svg />
                  <small
                    class="el-text-base el-small-text mock-css.
  color: var(--color-grey-500);
"
                  >
                    The Developer Edition of Agency Cloud allows developers using the Desktop API to test their apps within the desktop application using sandbox data.
                  </small>
                </mock-styled.div>
              </div>
            </div>
          </div>
        </div>
        <div
          class="mock-css. mock-css.
  grid-column-end: span 12;
"
        >
          <div
            class="el-fade-in"
          >
            <mock-styled.div>
              <mock-styled.div>
                <h1
                  class="el-text-base el-title"
                >
                  Developer Edition
                </h1>
              </mock-styled.div>
              <div
                class="mock-css.
  display: grid;
  grid-template-columns: repeat(,, 1fr);
 mock-css.
  grid-column-gap: 1.5rem;
"
              >
                <div
                  class="mock-css. mock-css.
  grid-column-end: span 6;
"
                >
                  <div
                    class="el-fade-in"
                  >
                    <mock-styled.div
                      classname="el-mx4"
                    >
                      <svg />
                      <mock-styled.div
                        classname="mock-css.
  color: var(--color-grey-500);
"
                      >
                        The application is licensed per user / developer of an organisation and requires a Windows machine to install.
                      </mock-styled.div>
                    </mock-styled.div>
                  </div>
                  <mock-styled.div
                    classname="mock-css.
  transition:
    height 0.3s linear,
    width 0.3s linear;
  height: 13em;
  width: 15rem;
"
                  >
                    <mock-styled.div>
                      <h3>
                        £300
                      </h3>
                      <div
                        class="el-fade-in"
                      >
                        per licence / per month
                      </div>
                      <button
                        class="el-intent-primary el-button"
                      >
                        <div
                          class="mocked-styled-0 el-button-loader"
                        />
                        Subscribe Now
                      </button>
                    </mock-styled.div>
                  </mock-styled.div>
                </div>
                <div
                  class="mock-css. mock-css.
  grid-column-end: span 6;
"
                >
                  <mock-styled.div
                    classname=""
                  >
                    <mock-styled.div
                      classname="mock-css.
  left: 5%;
  bottom: 19%;

  @media (min-width: 769px) {
    left: 5%;
    bottom: 20%;
  }

  @media (min-width: 1025px) {
    left: 5%;
    bottom: 10%;
  }

  @media (min-width: 1115px) {
    bottom: 15%;
  }

  @media (min-width: 1400px) {
    transform: scale(1.2);
    left: 10%;
    bottom: 11%;
  }

  @media (min-width: 1700px) {
  }
"
                    >
                      <svg />
                    </mock-styled.div>
                    <mock-styled.div
                      classname="mock-css.
  bottom: 20%;
  left: 30%;

  @media (min-width: 580px) {
    bottom: 9%;
    left: 40%;
  }

  @media (min-width: 769px) {
    bottom: 5;
    left: 30%;
    transform: scale(1.1);
  }

  @media (min-width: 1025px) {
    transform: scale(0.8);
    left: 20%;
    bottom: 15%;
  }

  @media (min-width: 1115px) {
    transform: scale(1);
    left: 30%;
  }

  @media (min-width: 1400px) {
    left: 40%;
    bottom: 5%;
  }

  @media (min-width: 1700px) {
  }
"
                    >
                      <svg />
                    </mock-styled.div>
                    <mock-styled.div
                      classname="mock-css.
  bottom: 0;

  @media (min-width: 580px) {
    bottom: -28%;
  }

  @media (min-width: 769px) {
    bottom: 0;
  }

  @media (min-width: 1025px) {
  }

  @media (min-width: 1115px) {
  }

  @media (min-width: 1400px) {
    bottom: -20%;
  }

  @media (min-width: 1700px) {
    bottom: -30%;
  }
"
                    >
                      <svg />
                    </mock-styled.div>
                  </mock-styled.div>
                </div>
              </div>
            </mock-styled.div>
          </div>
        </div>
      </div>
    </div>
  </body>,
  "container": <div>
    <div
      class="mocked-styled-93 el-snack-holder"
    />
    <h1
      class="el-text-base el-title"
    >
      Desktop
    </h1>
    <div
      class="mock-css.
  display: grid;
  grid-template-columns: repeat(,, 1fr);
 mock-css.
  grid-row-gap: 2rem;
 mock-css.
  grid-column-gap: 1.5rem;
"
    >
      <div
        class="mock-css. mock-css.
  grid-column-end: span 12;
"
      >
        <div
          class="el-fade-in"
        >
          <p
            class="el-text-base el-body-text el-mb6 mock-css.
  color: var(--color-grey-500);
"
          >
            Reapit's Agency Cloud is a desktop application that offers estate agencies a comprehensive range of market leading agency products, including a Sales CRM, Lettings CRM, Client Accounts, Property Management and real-time Analytics.
          </p>
          <div
            class="mock-css.
  display: grid;
  grid-template-columns: repeat(,, 1fr);
 mock-css.
  grid-row-gap: 2rem;
 mock-css.
  grid-column-gap: 1.5rem;
 el-mb8"
          >
            <mock-styled.div>
              <mock-styled.div>
                <svg />
                <mock-styled.div>
                  Become familiar with our CRM software using sandbox data
                </mock-styled.div>
              </mock-styled.div>
            </mock-styled.div>
            <mock-styled.div>
              <mock-styled.div>
                <svg />
                <mock-styled.div>
                  Test your Marketplace application inside Agency Cloud
                </mock-styled.div>
              </mock-styled.div>
            </mock-styled.div>
            <mock-styled.div>
              <mock-styled.div>
                <svg />
                <mock-styled.div>
                  Understand how customers will interact with your application
                </mock-styled.div>
              </mock-styled.div>
            </mock-styled.div>
          </div>
        </div>
        <div
          class="mock-css.
  display: grid;
  grid-template-columns: repeat(,, 1fr);
 mock-css.
  grid-row-gap: 2rem;
 mock-css.
  grid-column-gap: 1.5rem;
"
        >
          <div
            class="mock-css. mock-css.
  grid-column-end: span 6;
"
          >
            <div
              class="el-fade-in"
            >
              <h2
                class="el-text-base el-subtitle"
              >
                About Foundations Desktop API
              </h2>
              <p
                class="el-text-base el-body-text el-mb6 mock-css.
  color: var(--color-grey-500);
"
              >
                Developers that would like to integrate with or extend the functionality of Agency Cloud can use the Foundations Desktop API to build web applications for Reapit's app Marketplace that trigger events in the Agency Cloud desktop application, as well as associating their apps with common actions in Agency Cloud to replace default behaviours and screens.
              </p>
              <p
                class="el-text-base el-body-text el-mb6 mock-css.
  color: var(--color-grey-500);
"
              >
                For example, a developer building a Marketplace app that provides AML and ID checking, can use the Desktop API to associate their app with the default ID checking screen in Agency Cloud. When a customer clicks the default button to launch the ID check screen, the developer's associated app would be presented instead.
              </p>
              <p
                class="el-text-base el-body-text el-mb6 mock-css.
  color: var(--color-grey-500);
"
              >
                To learn more about what’s possible with the Desktop API, please visit the
                 
                <a
                  href="https://foundations-documentation.reapit.cloud/api/desktop-api"
                  rel="noreferrer"
                  target="_blank"
                >
                  documentation.
                </a>
              </p>
            </div>
          </div>
          <div
            class="mock-css. mock-css.
  grid-column-end: span 6;
"
          >
            <div
              class="el-fade-in"
            >
              <h2
                class="el-text-base el-subtitle"
              >
                How your app integrates with the Developer Edition of Agency Cloud
              </h2>
              <mock-styled.div>
                <svg />
                <small
                  class="el-text-base el-small-text mock-css.
  color: var(--color-grey-500);
"
                >
                  The Developer Edition of Agency Cloud allows developers using the Desktop API to test their apps within the desktop application using sandbox data.
                </small>
              </mock-styled.div>
            </div>
          </div>
        </div>
      </div>
      <div
        class="mock-css. mock-css.
  grid-column-end: span 12;
"
      >
        <div
          class="el-fade-in"
        >
          <mock-styled.div>
            <mock-styled.div>
              <h1
                class="el-text-base el-title"
              >
                Developer Edition
              </h1>
            </mock-styled.div>
            <div
              class="mock-css.
  display: grid;
  grid-template-columns: repeat(,, 1fr);
 mock-css.
  grid-column-gap: 1.5rem;
"
            >
              <div
                class="mock-css. mock-css.
  grid-column-end: span 6;
"
              >
                <div
                  class="el-fade-in"
                >
                  <mock-styled.div
                    classname="el-mx4"
                  >
                    <svg />
                    <mock-styled.div
                      classname="mock-css.
  color: var(--color-grey-500);
"
                    >
                      The application is licensed per user / developer of an organisation and requires a Windows machine to install.
                    </mock-styled.div>
                  </mock-styled.div>
                </div>
                <mock-styled.div
                  classname="mock-css.
  transition:
    height 0.3s linear,
    width 0.3s linear;
  height: 13em;
  width: 15rem;
"
                >
                  <mock-styled.div>
                    <h3>
                      £300
                    </h3>
                    <div
                      class="el-fade-in"
                    >
                      per licence / per month
                    </div>
                    <button
                      class="el-intent-primary el-button"
                    >
                      <div
                        class="mocked-styled-0 el-button-loader"
                      />
                      Subscribe Now
                    </button>
                  </mock-styled.div>
                </mock-styled.div>
              </div>
              <div
                class="mock-css. mock-css.
  grid-column-end: span 6;
"
              >
                <mock-styled.div
                  classname=""
                >
                  <mock-styled.div
                    classname="mock-css.
  left: 5%;
  bottom: 19%;

  @media (min-width: 769px) {
    left: 5%;
    bottom: 20%;
  }

  @media (min-width: 1025px) {
    left: 5%;
    bottom: 10%;
  }

  @media (min-width: 1115px) {
    bottom: 15%;
  }

  @media (min-width: 1400px) {
    transform: scale(1.2);
    left: 10%;
    bottom: 11%;
  }

  @media (min-width: 1700px) {
  }
"
                  >
                    <svg />
                  </mock-styled.div>
                  <mock-styled.div
                    classname="mock-css.
  bottom: 20%;
  left: 30%;

  @media (min-width: 580px) {
    bottom: 9%;
    left: 40%;
  }

  @media (min-width: 769px) {
    bottom: 5;
    left: 30%;
    transform: scale(1.1);
  }

  @media (min-width: 1025px) {
    transform: scale(0.8);
    left: 20%;
    bottom: 15%;
  }

  @media (min-width: 1115px) {
    transform: scale(1);
    left: 30%;
  }

  @media (min-width: 1400px) {
    left: 40%;
    bottom: 5%;
  }

  @media (min-width: 1700px) {
  }
"
                  >
                    <svg />
                  </mock-styled.div>
                  <mock-styled.div
                    classname="mock-css.
  bottom: 0;

  @media (min-width: 580px) {
    bottom: -28%;
  }

  @media (min-width: 769px) {
    bottom: 0;
  }

  @media (min-width: 1025px) {
  }

  @media (min-width: 1115px) {
  }

  @media (min-width: 1400px) {
    bottom: -20%;
  }

  @media (min-width: 1700px) {
    bottom: -30%;
  }
"
                  >
                    <svg />
                  </mock-styled.div>
                </mock-styled.div>
              </div>
            </div>
          </mock-styled.div>
        </div>
      </div>
    </div>
  </div>,
  "debug": [Function],
  "findAllByAltText": [Function],
  "findAllByDisplayValue": [Function],
  "findAllByLabelText": [Function],
  "findAllByPlaceholderText": [Function],
  "findAllByRole": [Function],
  "findAllByTestId": [Function],
  "findAllByText": [Function],
  "findAllByTitle": [Function],
  "findByAltText": [Function],
  "findByDisplayValue": [Function],
  "findByLabelText": [Function],
  "findByPlaceholderText": [Function],
  "findByRole": [Function],
  "findByTestId": [Function],
  "findByText": [Function],
  "findByTitle": [Function],
  "getAllByAltText": [Function],
  "getAllByDisplayValue": [Function],
  "getAllByLabelText": [Function],
  "getAllByPlaceholderText": [Function],
  "getAllByRole": [Function],
  "getAllByTestId": [Function],
  "getAllByText": [Function],
  "getAllByTitle": [Function],
  "getByAltText": [Function],
  "getByDisplayValue": [Function],
  "getByLabelText": [Function],
  "getByPlaceholderText": [Function],
  "getByRole": [Function],
  "getByTestId": [Function],
  "getByText": [Function],
  "getByTitle": [Function],
  "queryAllByAltText": [Function],
  "queryAllByDisplayValue": [Function],
  "queryAllByLabelText": [Function],
  "queryAllByPlaceholderText": [Function],
  "queryAllByRole": [Function],
  "queryAllByTestId": [Function],
  "queryAllByText": [Function],
  "queryAllByTitle": [Function],
  "queryByAltText": [Function],
  "queryByDisplayValue": [Function],
  "queryByLabelText": [Function],
  "queryByPlaceholderText": [Function],
  "queryByRole": [Function],
  "queryByTestId": [Function],
  "queryByText": [Function],
  "queryByTitle": [Function],
  "rerender": [Function],
  "unmount": [Function],
}
`;
