// Jest Snapshot v1, https://goo.gl/fbAQLP

exports[`Menu should match a snapshot 1`] = `<Component />`;
