// Jest Snapshot v1, https://goo.gl/fbAQLP

exports[`InstalledAppCard should match a snapshot 1`] = `
<div
  data-test-app-id="09043eb8-9e5e-4650-b7f1-f0cb62699027"
  data-test-app-name="test"
>
  <Component
    heading="test"
    image={
      <img
        alt="test"
        className="image"
        onError={[Function]}
        src="https://reapit-app-store-app-media.s3.eu-west-2.amazonaws.com/d10e790c-2bf2-40ae-9c43-82c1534bde31.png"
      />
    }
    onClick={[MockFunction]}
    subHeading="Pete's Proptech World Ltd"
  />
</div>
`;
