// Jest Snapshot v1, https://goo.gl/fbAQLP

exports[`Controls should match a snapshot 1`] = `
{
  "asFragment": [Function],
  "baseElement": <body>
    <div>
      <mock-styled.div />
      <div
        class="mock-css.
  margin-bottom: 1.25rem;
"
      >
        <mock-styled.span
          classname="mock-css.
  font-size: 5rem;
"
        >
          <svg />
        </mock-styled.span>
        <mock-styled.h2
          classname=""
        >
          Settings
        </mock-styled.h2>
        <mock-styled.p
          classname="mock-css."
        >
          You can manage the information we hold about you and change your password in these pages.
        </mock-styled.p>
        <mock-styled.p
          classname="mock-css."
        >
          Additionally, as an admin, you can manage your developer organisation, members and subscriptions.
        </mock-styled.p>
        <mock-styled.div>
          <mock-styled.div
            classname=""
          >
            <mock-styled.button
              classname="mock-css."
            >
              <mock-styled.div />
              Logout
            </mock-styled.button>
          </mock-styled.div>
        </mock-styled.div>
      </div>
    </div>
  </body>,
  "container": <div>
    <mock-styled.div />
    <div
      class="mock-css.
  margin-bottom: 1.25rem;
"
    >
      <mock-styled.span
        classname="mock-css.
  font-size: 5rem;
"
      >
        <svg />
      </mock-styled.span>
      <mock-styled.h2
        classname=""
      >
        Settings
      </mock-styled.h2>
      <mock-styled.p
        classname="mock-css."
      >
        You can manage the information we hold about you and change your password in these pages.
      </mock-styled.p>
      <mock-styled.p
        classname="mock-css."
      >
        Additionally, as an admin, you can manage your developer organisation, members and subscriptions.
      </mock-styled.p>
      <mock-styled.div>
        <mock-styled.div
          classname=""
        >
          <mock-styled.button
            classname="mock-css."
          >
            <mock-styled.div />
            Logout
          </mock-styled.button>
        </mock-styled.div>
      </mock-styled.div>
    </div>
  </div>,
  "debug": [Function],
  "findAllByAltText": [Function],
  "findAllByDisplayValue": [Function],
  "findAllByLabelText": [Function],
  "findAllByPlaceholderText": [Function],
  "findAllByRole": [Function],
  "findAllByTestId": [Function],
  "findAllByText": [Function],
  "findAllByTitle": [Function],
  "findByAltText": [Function],
  "findByDisplayValue": [Function],
  "findByLabelText": [Function],
  "findByPlaceholderText": [Function],
  "findByRole": [Function],
  "findByTestId": [Function],
  "findByText": [Function],
  "findByTitle": [Function],
  "getAllByAltText": [Function],
  "getAllByDisplayValue": [Function],
  "getAllByLabelText": [Function],
  "getAllByPlaceholderText": [Function],
  "getAllByRole": [Function],
  "getAllByTestId": [Function],
  "getAllByText": [Function],
  "getAllByTitle": [Function],
  "getByAltText": [Function],
  "getByDisplayValue": [Function],
  "getByLabelText": [Function],
  "getByPlaceholderText": [Function],
  "getByRole": [Function],
  "getByTestId": [Function],
  "getByText": [Function],
  "getByTitle": [Function],
  "queryAllByAltText": [Function],
  "queryAllByDisplayValue": [Function],
  "queryAllByLabelText": [Function],
  "queryAllByPlaceholderText": [Function],
  "queryAllByRole": [Function],
  "queryAllByTestId": [Function],
  "queryAllByText": [Function],
  "queryAllByTitle": [Function],
  "queryByAltText": [Function],
  "queryByDisplayValue": [Function],
  "queryByLabelText": [Function],
  "queryByPlaceholderText": [Function],
  "queryByRole": [Function],
  "queryByTestId": [Function],
  "queryByText": [Function],
  "queryByTitle": [Function],
  "rerender": [Function],
  "unmount": [Function],
}
`;

exports[`Controls should match a snapshot for the members page 1`] = `
{
  "asFragment": [Function],
  "baseElement": <body>
    <div>
      <mock-styled.div />
      <div
        class="mock-css.
  margin-bottom: 1.25rem;
"
      >
        <mock-styled.span
          classname="mock-css.
  font-size: 5rem;
"
        >
          <svg />
        </mock-styled.span>
        <mock-styled.h2
          classname=""
        >
          Settings
        </mock-styled.h2>
        <mock-styled.p
          classname="mock-css."
        >
          You can manage the information we hold about you and change your password in these pages.
        </mock-styled.p>
        <mock-styled.p
          classname="mock-css."
        >
          Additionally, as an admin, you can manage your developer organisation, members and subscriptions.
        </mock-styled.p>
        <mock-styled.div>
          <mock-styled.div
            classname=""
          >
            <mock-styled.button
              classname="mock-css."
            >
              <mock-styled.div />
              Logout
            </mock-styled.button>
          </mock-styled.div>
        </mock-styled.div>
      </div>
    </div>
  </body>,
  "container": <div>
    <mock-styled.div />
    <div
      class="mock-css.
  margin-bottom: 1.25rem;
"
    >
      <mock-styled.span
        classname="mock-css.
  font-size: 5rem;
"
      >
        <svg />
      </mock-styled.span>
      <mock-styled.h2
        classname=""
      >
        Settings
      </mock-styled.h2>
      <mock-styled.p
        classname="mock-css."
      >
        You can manage the information we hold about you and change your password in these pages.
      </mock-styled.p>
      <mock-styled.p
        classname="mock-css."
      >
        Additionally, as an admin, you can manage your developer organisation, members and subscriptions.
      </mock-styled.p>
      <mock-styled.div>
        <mock-styled.div
          classname=""
        >
          <mock-styled.button
            classname="mock-css."
          >
            <mock-styled.div />
            Logout
          </mock-styled.button>
        </mock-styled.div>
      </mock-styled.div>
    </div>
  </div>,
  "debug": [Function],
  "findAllByAltText": [Function],
  "findAllByDisplayValue": [Function],
  "findAllByLabelText": [Function],
  "findAllByPlaceholderText": [Function],
  "findAllByRole": [Function],
  "findAllByTestId": [Function],
  "findAllByText": [Function],
  "findAllByTitle": [Function],
  "findByAltText": [Function],
  "findByDisplayValue": [Function],
  "findByLabelText": [Function],
  "findByPlaceholderText": [Function],
  "findByRole": [Function],
  "findByTestId": [Function],
  "findByText": [Function],
  "findByTitle": [Function],
  "getAllByAltText": [Function],
  "getAllByDisplayValue": [Function],
  "getAllByLabelText": [Function],
  "getAllByPlaceholderText": [Function],
  "getAllByRole": [Function],
  "getAllByTestId": [Function],
  "getAllByText": [Function],
  "getAllByTitle": [Function],
  "getByAltText": [Function],
  "getByDisplayValue": [Function],
  "getByLabelText": [Function],
  "getByPlaceholderText": [Function],
  "getByRole": [Function],
  "getByTestId": [Function],
  "getByText": [Function],
  "getByTitle": [Function],
  "queryAllByAltText": [Function],
  "queryAllByDisplayValue": [Function],
  "queryAllByLabelText": [Function],
  "queryAllByPlaceholderText": [Function],
  "queryAllByRole": [Function],
  "queryAllByTestId": [Function],
  "queryAllByText": [Function],
  "queryAllByTitle": [Function],
  "queryByAltText": [Function],
  "queryByDisplayValue": [Function],
  "queryByLabelText": [Function],
  "queryByPlaceholderText": [Function],
  "queryByRole": [Function],
  "queryByTestId": [Function],
  "queryByText": [Function],
  "queryByTitle": [Function],
  "rerender": [Function],
  "unmount": [Function],
}
`;
