// Jest Snapshot v1, https://goo.gl/fbAQLP

exports[`Router should match a snapshot 1`] = `
<Router
  history={
    Object {
      "action": "POP",
      "block": [Function],
      "createHref": [Function],
      "go": [Function],
      "goBack": [Function],
      "goForward": [Function],
      "length": 1,
      "listen": [Function],
      "location": Object {
        "hash": "",
        "pathname": "/",
        "search": "",
      },
      "push": [Function],
      "replace": [Function],
    }
  }
>
  <Suspense
    fallback={null}
  >
    <Switch>
      <Route
        component={
          Object {
            "$$typeof": Symbol(react.lazy),
            "_ctor": [Function],
            "_result": null,
            "_status": -1,
          }
        }
        path="/login"
      />
      <withRouter(Connect(Component))>
        <Switch>
          <Connect(Component)
            allow="CLIENT"
            component={
              Object {
                "$$typeof": Symbol(react.lazy),
                "_ctor": [Function],
                "_result": null,
                "_status": -1,
              }
            }
            fetcher={true}
            path="/"
          />
        </Switch>
      </withRouter(Connect(Component))>
      <Redirect
        to="/login"
      />
    </Switch>
  </Suspense>
</Router>
`;
