// Jest Snapshot v1, https://goo.gl/fbAQLP

exports[`ClientAppDetailManage renderAppHeaderButtonGroup should match snapshot 1`] = `
<div>
  <Component
    dataTest="detail-modal-uninstall-button"
    onClick={[MockFunction]}
    type="button"
    variant="primary"
  >
    Uninstall App
  </Component>
</div>
`;

exports[`ClientAppDetailManage should match a snapshot 1`] = `
<Provider
  store={
    Object {
      "clearActions": [Function],
      "dispatch": [Function],
      "getActions": [Function],
      "getState": [Function],
      "replaceReducer": [Function],
      "subscribe": [Function],
    }
  }
>
  <MemoryRouter
    initialEntries={
      Array [
        Object {
          "key": "clientAppDetailManageRoute",
          "pathname": "/client/apps/:appid/manage",
        },
      ]
    }
  >
    <Router
      history={
        Object {
          "action": "POP",
          "block": [Function],
          "canGo": [Function],
          "createHref": [Function],
          "entries": Array [
            Object {
              "hash": "",
              "key": "clientAppDetailManageRoute",
              "pathname": "/client/apps/:appid/manage",
              "search": "",
            },
          ],
          "go": [Function],
          "goBack": [Function],
          "goForward": [Function],
          "index": 0,
          "length": 1,
          "listen": [Function],
          "location": Object {
            "hash": "",
            "key": "clientAppDetailManageRoute",
            "pathname": "/client/apps/:appid/manage",
            "search": "",
          },
          "push": [Function],
          "replace": [Function],
        }
      }
    >
      <ClientAppDetailManage>
        <div>
          <AppHeader
            appDetailData={Object {}}
            buttonGroup={
              <React.Fragment>
                
              </React.Fragment>
            }
          >
            <Component
              className="is-vcentered "
            >
              <div
                className="columns  is-vcentered "
              >
                <Component
                  className="is-4"
                >
                  <div
                    className="column  is-4"
                  >
                    <div>
                      <img
                        className="image"
                        src="https://bulma.io/images/placeholders/48x48.png"
                      />
                    </div>
                  </div>
                </Component>
                <Component
                  className="is-8"
                >
                  <div
                    className="column  is-8"
                  >
                    <Component>
                      <h3
                        className="title is-3  "
                        id=""
                      />
                    </Component>
                  </div>
                </Component>
              </div>
            </Component>
          </AppHeader>
          <AppContent
            appDetailData={Object {}}
            loginType="CLIENT"
          >
            <Component>
              <div
                className="columns  "
              >
                <Component
                  className="is-4"
                >
                  <div
                    className="column  is-4"
                  />
                </Component>
                <Component
                  className="is-8"
                >
                  <div
                    className="column  is-8"
                  >
                    <Component
                      html=""
                    >
                      <Component
                        className="html-render"
                      >
                        <div
                          className="content html-render"
                        />
                      </Component>
                    </Component>
                    <br />
                    <br />
                    <Component
                      isMultiLine={true}
                    >
                      <div
                        className="columns is-multiline "
                      />
                    </Component>
                  </div>
                </Component>
              </div>
            </Component>
          </AppContent>
        </div>
      </ClientAppDetailManage>
    </Router>
  </MemoryRouter>
</Provider>
`;
