// Jest Snapshot v1, https://goo.gl/fbAQLP

exports[`StepInputAuthenticationUris should match snapshot 1`] = `
<Fragment>
  <Component />
  <Component
    body={
      <div>
        <Unknown>
          <p>
            Please now register one or more Redirect URIs and a Sign Out URI to allow Reapit - Connect to direct traffic back to your application in a secure way.
          </p>
          <p>
            For the fields below, the following formats are supported: https://, http:// (for localhost only) or your own custom URI schemes such as myapp://login.
          </p>
        </Unknown>
        <p
          className="mb-3"
        >
          For multiple URIâ€™s, separate using a comma.
        </p>
        <Unknown
          helperText={
            <Unknown>
              <p>
                Please enter a Redirect URI(s) to define the route Reapit Connect is permitted to redirect to after a successful authentication.
              </p>
            </Unknown>
          }
          id="redirectUris"
          labelText="Redirect URI(s)"
          name="redirectUris"
          placeholder="Please enter your Redirect URI(s)"
          type="text"
        />
        <Unknown
          helperText={
            <Unknown>
              <p>
                Please enter a Sign Out URI(s) to define the route Reapit Connect is permitted to redirect to after successfully logging out.
              </p>
            </Unknown>
          }
          id="signoutUris"
          labelText="Sign Out URI(s)"
          name="signoutUris"
          placeholder="Please enter your Sign Out URI(s)"
          type="text"
        />
      </div>
    }
  />
  <Component
    footerItems={
      <Unknown>
        <Unknown
          className="ml-0"
          onClick={[Function]}
          variant="secondary"
        >
          Back
        </Unknown>
        <Unknown
          className="ml-auto"
          disabled={true}
          onClick={[Function]}
          type="submit"
        >
          Next
        </Unknown>
      </Unknown>
    }
  />
</Fragment>
`;
